<?xml version="1.0" encoding="ISO-8859-1" ?>
<link_info>
   <banner>TI ARM Linker Unix v19.6.0.STS</banner>
   <copyright>Copyright (c) 1996-2018 Texas Instruments Incorporated</copyright>
   <link_time>0x5e79b84e</link_time>
   <link_errors>0x0</link_errors>
   <output_file>MSP432P401R_SysTick.out</output_file>
   <entry_point>
      <name>_c_int00_noargs</name>
      <address>0x14a5</address>
   </entry_point>
   <input_file_list>
      <input_file id="fl-1">
         <path>./</path>
         <kind>object</kind>
         <file>main.obj</file>
         <name>main.obj</name>
      </input_file>
      <input_file id="fl-2">
         <path>./</path>
         <kind>object</kind>
         <file>startup_msp432p401r_ccs.obj</file>
         <name>startup_msp432p401r_ccs.obj</name>
      </input_file>
      <input_file id="fl-3">
         <path>./</path>
         <kind>object</kind>
         <file>system_msp432p401r.obj</file>
         <name>system_msp432p401r.obj</name>
      </input_file>
      <input_file id="fl-4">
         <path>./Source Driver/</path>
         <kind>object</kind>
         <file>FPU.obj</file>
         <name>FPU.obj</name>
      </input_file>
      <input_file id="fl-5">
         <path>./Source Driver/</path>
         <kind>object</kind>
         <file>MPU.obj</file>
         <name>MPU.obj</name>
      </input_file>
      <input_file id="fl-6">
         <path>./Source Driver/</path>
         <kind>object</kind>
         <file>NVIC.obj</file>
         <name>NVIC.obj</name>
      </input_file>
      <input_file id="fl-7">
         <path>./Source Driver/</path>
         <kind>object</kind>
         <file>SCB.obj</file>
         <name>SCB.obj</name>
      </input_file>
      <input_file id="fl-8">
         <path>./Source Driver/</path>
         <kind>object</kind>
         <file>SysTick.obj</file>
         <name>SysTick.obj</name>
      </input_file>
      <input_file id="fl-c">
         <kind>object</kind>
         <file>&lt;internal&gt;</file>
         <name>&lt;internal&gt;</name>
      </input_file>
      <input_file id="fl-c2">
         <path>/home/vyldram/ti/ccs930/ccs/tools/compiler/ti-cgt-arm_19.6.0.STS/lib/</path>
         <kind>archive</kind>
         <file>rtsv7M4_T_le_v4SPD16_eabi.lib</file>
         <name>ll_mul_t2.asm.obj</name>
      </input_file>
      <input_file id="fl-c3">
         <path>/home/vyldram/ti/ccs930/ccs/tools/compiler/ti-cgt-arm_19.6.0.STS/lib/</path>
         <kind>archive</kind>
         <file>rtsv7M4_T_le_v4SPD16_eabi.lib</file>
         <name>copy_zero_init.c.obj</name>
      </input_file>
      <input_file id="fl-c4">
         <path>/home/vyldram/ti/ccs930/ccs/tools/compiler/ti-cgt-arm_19.6.0.STS/lib/</path>
         <kind>archive</kind>
         <file>rtsv7M4_T_le_v4SPD16_eabi.lib</file>
         <name>copy_decompress_none.c.obj</name>
      </input_file>
      <input_file id="fl-c5">
         <path>/home/vyldram/ti/ccs930/ccs/tools/compiler/ti-cgt-arm_19.6.0.STS/lib/</path>
         <kind>archive</kind>
         <file>rtsv7M4_T_le_v4SPD16_eabi.lib</file>
         <name>copy_decompress_lzss.c.obj</name>
      </input_file>
      <input_file id="fl-c6">
         <path>/home/vyldram/ti/ccs930/ccs/tools/compiler/ti-cgt-arm_19.6.0.STS/lib/</path>
         <kind>archive</kind>
         <file>rtsv7M4_T_le_v4SPD16_eabi.lib</file>
         <name>memory.c.obj</name>
      </input_file>
      <input_file id="fl-c7">
         <path>/home/vyldram/ti/ccs930/ccs/tools/compiler/ti-cgt-arm_19.6.0.STS/lib/</path>
         <kind>archive</kind>
         <file>rtsv7M4_T_le_v4SPD16_eabi.lib</file>
         <name>boot_cortex_m.c.obj</name>
      </input_file>
      <input_file id="fl-c8">
         <path>/home/vyldram/ti/ccs930/ccs/tools/compiler/ti-cgt-arm_19.6.0.STS/lib/</path>
         <kind>archive</kind>
         <file>rtsv7M4_T_le_v4SPD16_eabi.lib</file>
         <name>memcpy_t2.asm.obj</name>
      </input_file>
      <input_file id="fl-c9">
         <path>/home/vyldram/ti/ccs930/ccs/tools/compiler/ti-cgt-arm_19.6.0.STS/lib/</path>
         <kind>archive</kind>
         <file>rtsv7M4_T_le_v4SPD16_eabi.lib</file>
         <name>memset_t2.asm.obj</name>
      </input_file>
      <input_file id="fl-ca">
         <path>/home/vyldram/ti/ccs930/ccs/tools/compiler/ti-cgt-arm_19.6.0.STS/lib/</path>
         <kind>archive</kind>
         <file>rtsv7M4_T_le_v4SPD16_eabi.lib</file>
         <name>autoinit.c.obj</name>
      </input_file>
      <input_file id="fl-cb">
         <path>/home/vyldram/ti/ccs930/ccs/tools/compiler/ti-cgt-arm_19.6.0.STS/lib/</path>
         <kind>archive</kind>
         <file>rtsv7M4_T_le_v4SPD16_eabi.lib</file>
         <name>pre_init.c.obj</name>
      </input_file>
      <input_file id="fl-cc">
         <path>/home/vyldram/ti/ccs930/ccs/tools/compiler/ti-cgt-arm_19.6.0.STS/lib/</path>
         <kind>archive</kind>
         <file>rtsv7M4_T_le_v4SPD16_eabi.lib</file>
         <name>cpy_tbl.c.obj</name>
      </input_file>
      <input_file id="fl-cd">
         <path>/home/vyldram/ti/ccs930/ccs/tools/compiler/ti-cgt-arm_19.6.0.STS/lib/</path>
         <kind>archive</kind>
         <file>rtsv7M4_T_le_v4SPD16_eabi.lib</file>
         <name>exit.c.obj</name>
      </input_file>
      <input_file id="fl-ce">
         <path>/home/vyldram/ti/ccs930/ccs/tools/compiler/ti-cgt-arm_19.6.0.STS/lib/</path>
         <kind>archive</kind>
         <file>rtsv7M4_T_le_v4SPD16_eabi.lib</file>
         <name>_lock.c.obj</name>
      </input_file>
      <input_file id="fl-cf">
         <path>/home/vyldram/ti/ccs930/ccs/tools/compiler/ti-cgt-arm_19.6.0.STS/lib/</path>
         <kind>archive</kind>
         <file>rtsv7M4_T_le_v4SPD16_eabi.lib</file>
         <name>args_main.c.obj</name>
      </input_file>
   </input_file_list>
   <object_component_list>
      <object_component id="oc-28">
         <name>.intvecs:retain</name>
         <load_address>0x0</load_address>
         <run_address>0x0</run_address>
         <size>0xe4</size>
         <input_file_ref idref="fl-2"/>
      </object_component>
      <object_component id="oc-72">
         <name>.text</name>
         <load_address>0xe4</load_address>
         <run_address>0xe4</run_address>
         <size>0x758</size>
         <input_file_ref idref="fl-7"/>
      </object_component>
      <object_component id="oc-78">
         <name>.text</name>
         <load_address>0x83c</load_address>
         <run_address>0x83c</run_address>
         <size>0x474</size>
         <input_file_ref idref="fl-8"/>
      </object_component>
      <object_component id="oc-f5">
         <name>.text</name>
         <load_address>0xcb0</load_address>
         <run_address>0xcb0</run_address>
         <size>0x2cc</size>
         <input_file_ref idref="fl-4"/>
      </object_component>
      <object_component id="oc-108">
         <name>.text:aligned_alloc</name>
         <load_address>0xf7c</load_address>
         <run_address>0xf7c</run_address>
         <size>0xf0</size>
         <input_file_ref idref="fl-c6"/>
      </object_component>
      <object_component id="oc-10e">
         <name>.text:SysTick__vDelayUs</name>
         <load_address>0x106c</load_address>
         <run_address>0x106c</run_address>
         <size>0xec</size>
         <input_file_ref idref="fl-8"/>
      </object_component>
      <object_component id="oc-102">
         <name>.text</name>
         <load_address>0x1158</load_address>
         <run_address>0x1158</run_address>
         <size>0xbc</size>
         <input_file_ref idref="fl-5"/>
      </object_component>
      <object_component id="oc-3c">
         <name>.text</name>
         <load_address>0x1214</load_address>
         <run_address>0x1214</run_address>
         <size>0x9c</size>
         <input_file_ref idref="fl-c8"/>
      </object_component>
      <object_component id="oc-181">
         <name>.text:split</name>
         <load_address>0x12b0</load_address>
         <run_address>0x12b0</run_address>
         <size>0x7c</size>
         <input_file_ref idref="fl-c6"/>
      </object_component>
      <object_component id="oc-18">
         <name>.text:decompress:lzss:__TI_decompress_lzss</name>
         <load_address>0x132c</load_address>
         <run_address>0x132c</run_address>
         <size>0x68</size>
         <input_file_ref idref="fl-c5"/>
      </object_component>
      <object_component id="oc-a8">
         <name>.text</name>
         <load_address>0x1394</load_address>
         <run_address>0x1394</run_address>
         <size>0x68</size>
         <input_file_ref idref="fl-1"/>
      </object_component>
      <object_component id="oc-18e">
         <name>.text:SysTick__u64GetCurrentCountTick</name>
         <load_address>0x13fc</load_address>
         <run_address>0x13fc</run_address>
         <size>0x64</size>
         <input_file_ref idref="fl-8"/>
      </object_component>
      <object_component id="oc-124">
         <name>.text:__TI_auto_init_nobinit_nopinit:__TI_auto_init_nobinit_nopinit</name>
         <load_address>0x1460</load_address>
         <run_address>0x1460</run_address>
         <size>0x44</size>
         <input_file_ref idref="fl-ca"/>
      </object_component>
      <object_component id="oc-5a">
         <name>.text:_c_int00_noargs:_c_int00_noargs</name>
         <load_address>0x14a4</load_address>
         <run_address>0x14a4</run_address>
         <size>0x34</size>
         <input_file_ref idref="fl-c7"/>
      </object_component>
      <object_component id="oc-17b">
         <name>.text:free_list_insert</name>
         <load_address>0x14d8</load_address>
         <run_address>0x14d8</run_address>
         <size>0x28</size>
         <input_file_ref idref="fl-c6"/>
      </object_component>
      <object_component id="oc-48">
         <name>.text:decompress:ZI:__TI_zero_init_nomemset:__TI_zero_init_nomemset</name>
         <load_address>0x1500</load_address>
         <run_address>0x1500</run_address>
         <size>0x1c</size>
         <input_file_ref idref="fl-c3"/>
      </object_component>
      <object_component id="oc-175">
         <name>.text:free_list_remove</name>
         <load_address>0x151c</load_address>
         <run_address>0x151c</run_address>
         <size>0x1c</size>
         <input_file_ref idref="fl-c6"/>
      </object_component>
      <object_component id="oc-fb">
         <name>.text:SCB__vInit</name>
         <load_address>0x1538</load_address>
         <run_address>0x1538</run_address>
         <size>0x18</size>
         <input_file_ref idref="fl-7"/>
      </object_component>
      <object_component id="oc-19c">
         <name>.text</name>
         <load_address>0x1550</load_address>
         <run_address>0x1550</run_address>
         <size>0x18</size>
         <input_file_ref idref="fl-c2"/>
      </object_component>
      <object_component id="oc-215">
         <name>.text:SysTick__u32GetCurrentTick</name>
         <load_address>0x1568</load_address>
         <run_address>0x1568</run_address>
         <size>0x14</size>
         <input_file_ref idref="fl-8"/>
      </object_component>
      <object_component id="oc-1f8">
         <name>.text:SCB_BusFault__vEnable</name>
         <load_address>0x157c</load_address>
         <run_address>0x157c</run_address>
         <size>0x10</size>
         <input_file_ref idref="fl-7"/>
      </object_component>
      <object_component id="oc-1ff">
         <name>.text:SCB_MemoryFault__vEnable</name>
         <load_address>0x158c</load_address>
         <run_address>0x158c</run_address>
         <size>0x10</size>
         <input_file_ref idref="fl-7"/>
      </object_component>
      <object_component id="oc-1f1">
         <name>.text:SCB_UsageFault__vEnable</name>
         <load_address>0x159c</load_address>
         <run_address>0x159c</run_address>
         <size>0x10</size>
         <input_file_ref idref="fl-7"/>
      </object_component>
      <object_component id="oc-1dc">
         <name>.text:SCB__vEnDIV0Trap</name>
         <load_address>0x15ac</load_address>
         <run_address>0x15ac</run_address>
         <size>0x10</size>
         <input_file_ref idref="fl-7"/>
      </object_component>
      <object_component id="oc-1e3">
         <name>.text:SCB__vEnUnAlignTrap</name>
         <load_address>0x15bc</load_address>
         <run_address>0x15bc</run_address>
         <size>0x10</size>
         <input_file_ref idref="fl-7"/>
      </object_component>
      <object_component id="oc-1ea">
         <name>.text:SCB__vEnUnprivilegedSWTRIGGER</name>
         <load_address>0x15cc</load_address>
         <run_address>0x15cc</run_address>
         <size>0x10</size>
         <input_file_ref idref="fl-7"/>
      </object_component>
      <object_component id="oc-16d">
         <name>.text:SCB__vEnableExceptions</name>
         <load_address>0x15dc</load_address>
         <run_address>0x15dc</run_address>
         <size>0x10</size>
         <input_file_ref idref="fl-7"/>
      </object_component>
      <object_component id="oc-166">
         <name>.text:SCB__vEnableTraps</name>
         <load_address>0x15ec</load_address>
         <run_address>0x15ec</run_address>
         <size>0x10</size>
         <input_file_ref idref="fl-7"/>
      </object_component>
      <object_component id="oc-1e">
         <name>.text:decompress:none:__TI_decompress_none</name>
         <load_address>0x15fc</load_address>
         <run_address>0x15fc</run_address>
         <size>0xe</size>
         <input_file_ref idref="fl-c4"/>
      </object_component>
      <object_component id="oc-209">
         <name>.text:_nop</name>
         <load_address>0x160a</load_address>
         <run_address>0x160a</run_address>
         <size>0x2</size>
         <input_file_ref idref="fl-ce"/>
      </object_component>
      <object_component id="oc-195">
         <name>.text:SysTick__u32GetMaxTick</name>
         <load_address>0x160c</load_address>
         <run_address>0x160c</run_address>
         <size>0xc</size>
         <input_file_ref idref="fl-8"/>
      </object_component>
      <object_component id="oc-6c">
         <name>.text</name>
         <load_address>0x1618</load_address>
         <run_address>0x1618</run_address>
         <size>0xa</size>
         <input_file_ref idref="fl-2"/>
      </object_component>
      <object_component id="oc-a2">
         <name>.text:_system_pre_init</name>
         <load_address>0x1622</load_address>
         <run_address>0x1622</run_address>
         <size>0x4</size>
         <input_file_ref idref="fl-cb"/>
      </object_component>
      <object_component id="oc-118">
         <name>.text:abort:abort</name>
         <load_address>0x1626</load_address>
         <run_address>0x1626</run_address>
         <size>0x4</size>
         <input_file_ref idref="fl-cd"/>
      </object_component>
      <object_component id="oc-277">
         <name>.cinit..data.load</name>
         <load_address>0x10000</load_address>
         <run_address>0x10000</run_address>
         <size>0x14</size>
      </object_component>
      <object_component id="oc-275">
         <name>__TI_handler_table</name>
         <load_address>0x10014</load_address>
         <run_address>0x10014</run_address>
         <size>0xc</size>
      </object_component>
      <object_component id="oc-278">
         <name>.cinit..bss.load</name>
         <load_address>0x10020</load_address>
         <run_address>0x10020</run_address>
         <size>0x8</size>
      </object_component>
      <object_component id="oc-276">
         <name>__TI_cinit_table</name>
         <load_address>0x10028</load_address>
         <run_address>0x10028</run_address>
         <size>0x10</size>
      </object_component>
      <object_component id="oc-248">
         <name>.binit</name>
         <load_address>0x10000</load_address>
         <run_address>0x10000</run_address>
         <size>0x0</size>
      </object_component>
      <object_component id="oc-c9">
         <name>.data</name>
         <load_address>0x20000400</load_address>
         <run_address>0x20000400</run_address>
         <size>0x1c</size>
         <input_file_ref idref="fl-8"/>
      </object_component>
      <object_component id="oc-18a">
         <name>.data:$O1$$</name>
         <load_address>0x20000424</load_address>
         <run_address>0x20000424</run_address>
         <size>0x8</size>
         <input_file_ref idref="fl-c6"/>
      </object_component>
      <object_component id="oc-187">
         <name>.data:$O1$$</name>
         <load_address>0x2000041c</load_address>
         <run_address>0x2000041c</run_address>
         <size>0x8</size>
         <input_file_ref idref="fl-ce"/>
      </object_component>
      <object_component id="oc-bb">
         <name>.common:SCB_pu32Context</name>
         <uninitialized>true</uninitialized>
         <run_address>0x2000042c</run_address>
         <size>0x20</size>
      </object_component>
      <object_component id="oc-2b">
         <name>.sysmem</name>
         <uninitialized>true</uninitialized>
         <run_address>0x2000f000</run_address>
         <size>0x10</size>
         <input_file_ref idref="fl-c6"/>
      </object_component>
      <object_component id="oc-27b">
         <name>.sysmem</name>
         <uninitialized>true</uninitialized>
         <run_address>0x2000f000</run_address>
         <size>0x0</size>
      </object_component>
      <object_component id="oc-2e">
         <name>.stack</name>
         <uninitialized>true</uninitialized>
         <run_address>0x2000fe00</run_address>
         <size>0x4</size>
         <input_file_ref idref="fl-c7"/>
      </object_component>
      <object_component id="oc-27a">
         <name>.stack</name>
         <uninitialized>true</uninitialized>
         <run_address>0x2000fe00</run_address>
         <size>0x0</size>
      </object_component>
      <object_component id="oc-116">
         <name>.debug_info</name>
         <load_address>0x0</load_address>
         <run_address>0x0</run_address>
         <size>0x68d</size>
         <input_file_ref idref="fl-1"/>
      </object_component>
      <object_component id="oc-a9">
         <name>.debug_info</name>
         <load_address>0x68d</load_address>
         <run_address>0x68d</run_address>
         <size>0x197</size>
         <input_file_ref idref="fl-1"/>
      </object_component>
      <object_component id="oc-1b2">
         <name>.debug_info</name>
         <load_address>0x824</load_address>
         <run_address>0x824</run_address>
         <size>0x33b</size>
         <input_file_ref idref="fl-1"/>
      </object_component>
      <object_component id="oc-bf">
         <name>.debug_info</name>
         <load_address>0xb5f</load_address>
         <run_address>0xb5f</run_address>
         <size>0x2501</size>
         <input_file_ref idref="fl-1"/>
      </object_component>
      <object_component id="oc-1a3">
         <name>.debug_info</name>
         <load_address>0x3060</load_address>
         <run_address>0x3060</run_address>
         <size>0x2daf</size>
         <input_file_ref idref="fl-1"/>
      </object_component>
      <object_component id="oc-1a8">
         <name>.debug_info</name>
         <load_address>0x5e0f</load_address>
         <run_address>0x5e0f</run_address>
         <size>0x929</size>
         <input_file_ref idref="fl-1"/>
      </object_component>
      <object_component id="oc-1ad">
         <name>.debug_info</name>
         <load_address>0x6738</load_address>
         <run_address>0x6738</run_address>
         <size>0x7f9</size>
         <input_file_ref idref="fl-1"/>
      </object_component>
      <object_component id="oc-1b7">
         <name>.debug_info</name>
         <load_address>0x6f31</load_address>
         <run_address>0x6f31</run_address>
         <size>0x110</size>
         <input_file_ref idref="fl-1"/>
      </object_component>
      <object_component id="oc-d4">
         <name>.debug_info</name>
         <load_address>0x7041</load_address>
         <run_address>0x7041</run_address>
         <size>0x26b</size>
         <input_file_ref idref="fl-1"/>
      </object_component>
      <object_component id="oc-37">
         <name>.debug_info</name>
         <load_address>0x72ac</load_address>
         <run_address>0x72ac</run_address>
         <size>0x84</size>
         <input_file_ref idref="fl-1"/>
      </object_component>
      <object_component id="oc-158">
         <name>.debug_info</name>
         <load_address>0x7330</load_address>
         <run_address>0x7330</run_address>
         <size>0x297</size>
         <input_file_ref idref="fl-1"/>
      </object_component>
      <object_component id="oc-c4">
         <name>.debug_info</name>
         <load_address>0x75c7</load_address>
         <run_address>0x75c7</run_address>
         <size>0xbb</size>
         <input_file_ref idref="fl-1"/>
      </object_component>
      <object_component id="oc-80">
         <name>.debug_info</name>
         <load_address>0x7682</load_address>
         <run_address>0x7682</run_address>
         <size>0x4ce</size>
         <input_file_ref idref="fl-2"/>
      </object_component>
      <object_component id="oc-29">
         <name>.debug_info</name>
         <load_address>0x7b50</load_address>
         <run_address>0x7b50</run_address>
         <size>0xfc</size>
         <input_file_ref idref="fl-2"/>
      </object_component>
      <object_component id="oc-6d">
         <name>.debug_info</name>
         <load_address>0x7c4c</load_address>
         <run_address>0x7c4c</run_address>
         <size>0x218</size>
         <input_file_ref idref="fl-2"/>
      </object_component>
      <object_component id="oc-cd">
         <name>.debug_info</name>
         <load_address>0x7e64</load_address>
         <run_address>0x7e64</run_address>
         <size>0x33b</size>
         <input_file_ref idref="fl-2"/>
      </object_component>
      <object_component id="oc-1db">
         <name>.debug_info</name>
         <load_address>0x819f</load_address>
         <run_address>0x819f</run_address>
         <size>0x2b2</size>
         <input_file_ref idref="fl-4"/>
      </object_component>
      <object_component id="oc-f6">
         <name>.debug_info</name>
         <load_address>0x8451</load_address>
         <run_address>0x8451</run_address>
         <size>0xbbf</size>
         <input_file_ref idref="fl-4"/>
      </object_component>
      <object_component id="oc-161">
         <name>.debug_info</name>
         <load_address>0x9010</load_address>
         <run_address>0x9010</run_address>
         <size>0x929</size>
         <input_file_ref idref="fl-4"/>
      </object_component>
      <object_component id="oc-103">
         <name>.debug_info</name>
         <load_address>0x9939</load_address>
         <run_address>0x9939</run_address>
         <size>0x14c</size>
         <input_file_ref idref="fl-5"/>
      </object_component>
      <object_component id="oc-bc">
         <name>.debug_info</name>
         <load_address>0x9a85</load_address>
         <run_address>0x9a85</run_address>
         <size>0x3b3</size>
         <input_file_ref idref="fl-7"/>
      </object_component>
      <object_component id="oc-1dd">
         <name>.debug_info</name>
         <load_address>0x9e38</load_address>
         <run_address>0x9e38</run_address>
         <size>0x13d</size>
         <input_file_ref idref="fl-7"/>
      </object_component>
      <object_component id="oc-1e4">
         <name>.debug_info</name>
         <load_address>0x9f75</load_address>
         <run_address>0x9f75</run_address>
         <size>0x143</size>
         <input_file_ref idref="fl-7"/>
      </object_component>
      <object_component id="oc-1eb">
         <name>.debug_info</name>
         <load_address>0xa0b8</load_address>
         <run_address>0xa0b8</run_address>
         <size>0x157</size>
         <input_file_ref idref="fl-7"/>
      </object_component>
      <object_component id="oc-1f2">
         <name>.debug_info</name>
         <load_address>0xa20f</load_address>
         <run_address>0xa20f</run_address>
         <size>0x14b</size>
         <input_file_ref idref="fl-7"/>
      </object_component>
      <object_component id="oc-1f9">
         <name>.debug_info</name>
         <load_address>0xa35a</load_address>
         <run_address>0xa35a</run_address>
         <size>0x147</size>
         <input_file_ref idref="fl-7"/>
      </object_component>
      <object_component id="oc-200">
         <name>.debug_info</name>
         <load_address>0xa4a1</load_address>
         <run_address>0xa4a1</run_address>
         <size>0x14d</size>
         <input_file_ref idref="fl-7"/>
      </object_component>
      <object_component id="oc-16e">
         <name>.debug_info</name>
         <load_address>0xa5ee</load_address>
         <run_address>0xa5ee</run_address>
         <size>0x1a2</size>
         <input_file_ref idref="fl-7"/>
      </object_component>
      <object_component id="oc-167">
         <name>.debug_info</name>
         <load_address>0xa790</load_address>
         <run_address>0xa790</run_address>
         <size>0x194</size>
         <input_file_ref idref="fl-7"/>
      </object_component>
      <object_component id="oc-fc">
         <name>.debug_info</name>
         <load_address>0xa924</load_address>
         <run_address>0xa924</run_address>
         <size>0x1a2</size>
         <input_file_ref idref="fl-7"/>
      </object_component>
      <object_component id="oc-73">
         <name>.debug_info</name>
         <load_address>0xaac6</load_address>
         <run_address>0xaac6</run_address>
         <size>0x16bb</size>
         <input_file_ref idref="fl-7"/>
      </object_component>
      <object_component id="oc-15f">
         <name>.debug_info</name>
         <load_address>0xc181</load_address>
         <run_address>0xc181</run_address>
         <size>0x3a5</size>
         <input_file_ref idref="fl-8"/>
      </object_component>
      <object_component id="oc-ca">
         <name>.debug_info</name>
         <load_address>0xc526</load_address>
         <run_address>0xc526</run_address>
         <size>0x230</size>
         <input_file_ref idref="fl-8"/>
      </object_component>
      <object_component id="oc-216">
         <name>.debug_info</name>
         <load_address>0xc756</load_address>
         <run_address>0xc756</run_address>
         <size>0x176</size>
         <input_file_ref idref="fl-8"/>
      </object_component>
      <object_component id="oc-18f">
         <name>.debug_info</name>
         <load_address>0xc8cc</load_address>
         <run_address>0xc8cc</run_address>
         <size>0x1f8</size>
         <input_file_ref idref="fl-8"/>
      </object_component>
      <object_component id="oc-196">
         <name>.debug_info</name>
         <load_address>0xcac4</load_address>
         <run_address>0xcac4</run_address>
         <size>0x156</size>
         <input_file_ref idref="fl-8"/>
      </object_component>
      <object_component id="oc-10f">
         <name>.debug_info</name>
         <load_address>0xcc1a</load_address>
         <run_address>0xcc1a</run_address>
         <size>0x2df</size>
         <input_file_ref idref="fl-8"/>
      </object_component>
      <object_component id="oc-79">
         <name>.debug_info</name>
         <load_address>0xcef9</load_address>
         <run_address>0xcef9</run_address>
         <size>0x62a</size>
         <input_file_ref idref="fl-8"/>
      </object_component>
      <object_component id="oc-19d">
         <name>.debug_info</name>
         <load_address>0xd523</load_address>
         <run_address>0xd523</run_address>
         <size>0x122</size>
         <input_file_ref idref="fl-c2"/>
      </object_component>
      <object_component id="oc-9b">
         <name>.debug_info</name>
         <load_address>0xd645</load_address>
         <run_address>0xd645</run_address>
         <size>0x2d4</size>
         <input_file_ref idref="fl-c3"/>
      </object_component>
      <object_component id="oc-49">
         <name>.debug_info</name>
         <load_address>0xd919</load_address>
         <run_address>0xd919</run_address>
         <size>0x1d2</size>
         <input_file_ref idref="fl-c3"/>
      </object_component>
      <object_component id="oc-96">
         <name>.debug_info</name>
         <load_address>0xdaeb</load_address>
         <run_address>0xdaeb</run_address>
         <size>0x46</size>
         <input_file_ref idref="fl-c3"/>
      </object_component>
      <object_component id="oc-ec">
         <name>.debug_info</name>
         <load_address>0xdb31</load_address>
         <run_address>0xdb31</run_address>
         <size>0x2c</size>
         <input_file_ref idref="fl-c3"/>
      </object_component>
      <object_component id="oc-47">
         <name>.debug_info</name>
         <load_address>0xdb5d</load_address>
         <run_address>0xdb5d</run_address>
         <size>0x2a8</size>
         <input_file_ref idref="fl-c4"/>
      </object_component>
      <object_component id="oc-1f">
         <name>.debug_info</name>
         <load_address>0xde05</load_address>
         <run_address>0xde05</run_address>
         <size>0x1ea</size>
         <input_file_ref idref="fl-c4"/>
      </object_component>
      <object_component id="oc-42">
         <name>.debug_info</name>
         <load_address>0xdfef</load_address>
         <run_address>0xdfef</run_address>
         <size>0x46</size>
         <input_file_ref idref="fl-c4"/>
      </object_component>
      <object_component id="oc-8e">
         <name>.debug_info</name>
         <load_address>0xe035</load_address>
         <run_address>0xe035</run_address>
         <size>0x2c</size>
         <input_file_ref idref="fl-c4"/>
      </object_component>
      <object_component id="oc-8c">
         <name>.debug_info</name>
         <load_address>0xe061</load_address>
         <run_address>0xe061</run_address>
         <size>0x29e</size>
         <input_file_ref idref="fl-c5"/>
      </object_component>
      <object_component id="oc-19">
         <name>.debug_info</name>
         <load_address>0xe2ff</load_address>
         <run_address>0xe2ff</run_address>
         <size>0x250</size>
         <input_file_ref idref="fl-c5"/>
      </object_component>
      <object_component id="oc-32">
         <name>.debug_info</name>
         <load_address>0xe54f</load_address>
         <run_address>0xe54f</run_address>
         <size>0x60</size>
         <input_file_ref idref="fl-c5"/>
      </object_component>
      <object_component id="oc-e5">
         <name>.debug_info</name>
         <load_address>0xe5af</load_address>
         <run_address>0xe5af</run_address>
         <size>0x46</size>
         <input_file_ref idref="fl-c5"/>
      </object_component>
      <object_component id="oc-87">
         <name>.debug_info</name>
         <load_address>0xe5f5</load_address>
         <run_address>0xe5f5</run_address>
         <size>0x39</size>
         <input_file_ref idref="fl-c5"/>
      </object_component>
      <object_component id="oc-83">
         <name>.debug_info</name>
         <load_address>0xe62e</load_address>
         <run_address>0xe62e</run_address>
         <size>0x3b2</size>
         <input_file_ref idref="fl-c6"/>
      </object_component>
      <object_component id="oc-2c">
         <name>.debug_info</name>
         <load_address>0xe9e0</load_address>
         <run_address>0xe9e0</run_address>
         <size>0x10c</size>
         <input_file_ref idref="fl-c6"/>
      </object_component>
      <object_component id="oc-18b">
         <name>.debug_info</name>
         <load_address>0xeaec</load_address>
         <run_address>0xeaec</run_address>
         <size>0x13f</size>
         <input_file_ref idref="fl-c6"/>
      </object_component>
      <object_component id="oc-176">
         <name>.debug_info</name>
         <load_address>0xec2b</load_address>
         <run_address>0xec2b</run_address>
         <size>0x18e</size>
         <input_file_ref idref="fl-c6"/>
      </object_component>
      <object_component id="oc-17c">
         <name>.debug_info</name>
         <load_address>0xedb9</load_address>
         <run_address>0xedb9</run_address>
         <size>0x19f</size>
         <input_file_ref idref="fl-c6"/>
      </object_component>
      <object_component id="oc-182">
         <name>.debug_info</name>
         <load_address>0xef58</load_address>
         <run_address>0xef58</run_address>
         <size>0x1db</size>
         <input_file_ref idref="fl-c6"/>
      </object_component>
      <object_component id="oc-109">
         <name>.debug_info</name>
         <load_address>0xf133</load_address>
         <run_address>0xf133</run_address>
         <size>0x299</size>
         <input_file_ref idref="fl-c6"/>
      </object_component>
      <object_component id="oc-e0">
         <name>.debug_info</name>
         <load_address>0xf3cc</load_address>
         <run_address>0xf3cc</run_address>
         <size>0xb2</size>
         <input_file_ref idref="fl-c6"/>
      </object_component>
      <object_component id="oc-db">
         <name>.debug_info</name>
         <load_address>0xf47e</load_address>
         <run_address>0xf47e</run_address>
         <size>0x2c</size>
         <input_file_ref idref="fl-c6"/>
      </object_component>
      <object_component id="oc-2f">
         <name>.debug_info</name>
         <load_address>0xf4aa</load_address>
         <run_address>0xf4aa</run_address>
         <size>0x10b</size>
         <input_file_ref idref="fl-c7"/>
      </object_component>
      <object_component id="oc-5b">
         <name>.debug_info</name>
         <load_address>0xf5b5</load_address>
         <run_address>0xf5b5</run_address>
         <size>0x1a9</size>
         <input_file_ref idref="fl-c7"/>
      </object_component>
      <object_component id="oc-3d">
         <name>.debug_info</name>
         <load_address>0xf75e</load_address>
         <run_address>0xf75e</run_address>
         <size>0x119</size>
         <input_file_ref idref="fl-c8"/>
      </object_component>
      <object_component id="oc-1c4">
         <name>.debug_info</name>
         <load_address>0xf877</load_address>
         <run_address>0xf877</run_address>
         <size>0x4b3</size>
         <input_file_ref idref="fl-ca"/>
      </object_component>
      <object_component id="oc-125">
         <name>.debug_info</name>
         <load_address>0xfd2a</load_address>
         <run_address>0xfd2a</run_address>
         <size>0x1a6</size>
         <input_file_ref idref="fl-ca"/>
      </object_component>
      <object_component id="oc-223">
         <name>.debug_info</name>
         <load_address>0xfed0</load_address>
         <run_address>0xfed0</run_address>
         <size>0x39</size>
         <input_file_ref idref="fl-ca"/>
      </object_component>
      <object_component id="oc-239">
         <name>.debug_info</name>
         <load_address>0xff09</load_address>
         <run_address>0xff09</run_address>
         <size>0x39</size>
         <input_file_ref idref="fl-ca"/>
      </object_component>
      <object_component id="oc-228">
         <name>.debug_info</name>
         <load_address>0xff42</load_address>
         <run_address>0xff42</run_address>
         <size>0x39</size>
         <input_file_ref idref="fl-ca"/>
      </object_component>
      <object_component id="oc-22d">
         <name>.debug_info</name>
         <load_address>0xff7b</load_address>
         <run_address>0xff7b</run_address>
         <size>0xcd</size>
         <input_file_ref idref="fl-ca"/>
      </object_component>
      <object_component id="oc-a3">
         <name>.debug_info</name>
         <load_address>0x10048</load_address>
         <run_address>0x10048</run_address>
         <size>0x153</size>
         <input_file_ref idref="fl-cb"/>
      </object_component>
      <object_component id="oc-119">
         <name>.debug_info</name>
         <load_address>0x1019b</load_address>
         <run_address>0x1019b</run_address>
         <size>0x122</size>
         <input_file_ref idref="fl-cd"/>
      </object_component>
      <object_component id="oc-211">
         <name>.debug_info</name>
         <load_address>0x102bd</load_address>
         <run_address>0x102bd</run_address>
         <size>0x2c9</size>
         <input_file_ref idref="fl-ce"/>
      </object_component>
      <object_component id="oc-188">
         <name>.debug_info</name>
         <load_address>0x10586</load_address>
         <run_address>0x10586</run_address>
         <size>0x11e</size>
         <input_file_ref idref="fl-ce"/>
      </object_component>
      <object_component id="oc-20a">
         <name>.debug_info</name>
         <load_address>0x106a4</load_address>
         <run_address>0x106a4</run_address>
         <size>0x12e</size>
         <input_file_ref idref="fl-ce"/>
      </object_component>
      <object_component id="oc-27c">
         <name>.debug_info</name>
         <load_address>0x107d2</load_address>
         <run_address>0x107d2</run_address>
         <size>0xa8</size>
      </object_component>
      <object_component id="oc-1a2">
         <name>.debug_line</name>
         <load_address>0x0</load_address>
         <run_address>0x0</run_address>
         <size>0x1e7</size>
         <input_file_ref idref="fl-1"/>
      </object_component>
      <object_component id="oc-ac">
         <name>.debug_line</name>
         <load_address>0x1e7</load_address>
         <run_address>0x1e7</run_address>
         <size>0x62</size>
         <input_file_ref idref="fl-1"/>
      </object_component>
      <object_component id="oc-1b5">
         <name>.debug_line</name>
         <load_address>0x249</load_address>
         <run_address>0x249</run_address>
         <size>0x6d</size>
         <input_file_ref idref="fl-1"/>
      </object_component>
      <object_component id="oc-c2">
         <name>.debug_line</name>
         <load_address>0x2b6</load_address>
         <run_address>0x2b6</run_address>
         <size>0x69</size>
         <input_file_ref idref="fl-1"/>
      </object_component>
      <object_component id="oc-1a6">
         <name>.debug_line</name>
         <load_address>0x31f</load_address>
         <run_address>0x31f</run_address>
         <size>0x6a</size>
         <input_file_ref idref="fl-1"/>
      </object_component>
      <object_component id="oc-1ab">
         <name>.debug_line</name>
         <load_address>0x389</load_address>
         <run_address>0x389</run_address>
         <size>0x69</size>
         <input_file_ref idref="fl-1"/>
      </object_component>
      <object_component id="oc-1b0">
         <name>.debug_line</name>
         <load_address>0x3f2</load_address>
         <run_address>0x3f2</run_address>
         <size>0x69</size>
         <input_file_ref idref="fl-1"/>
      </object_component>
      <object_component id="oc-1ba">
         <name>.debug_line</name>
         <load_address>0x45b</load_address>
         <run_address>0x45b</run_address>
         <size>0x75</size>
         <input_file_ref idref="fl-1"/>
      </object_component>
      <object_component id="oc-d7">
         <name>.debug_line</name>
         <load_address>0x4d0</load_address>
         <run_address>0x4d0</run_address>
         <size>0x79</size>
         <input_file_ref idref="fl-1"/>
      </object_component>
      <object_component id="oc-3a">
         <name>.debug_line</name>
         <load_address>0x549</load_address>
         <run_address>0x549</run_address>
         <size>0x20</size>
         <input_file_ref idref="fl-1"/>
      </object_component>
      <object_component id="oc-15b">
         <name>.debug_line</name>
         <load_address>0x569</load_address>
         <run_address>0x569</run_address>
         <size>0x7d</size>
         <input_file_ref idref="fl-1"/>
      </object_component>
      <object_component id="oc-c7">
         <name>.debug_line</name>
         <load_address>0x5e6</load_address>
         <run_address>0x5e6</run_address>
         <size>0x7a</size>
         <input_file_ref idref="fl-1"/>
      </object_component>
      <object_component id="oc-d3">
         <name>.debug_line</name>
         <load_address>0x660</load_address>
         <run_address>0x660</run_address>
         <size>0xd6</size>
         <input_file_ref idref="fl-2"/>
      </object_component>
      <object_component id="oc-7f">
         <name>.debug_line</name>
         <load_address>0x736</load_address>
         <run_address>0x736</run_address>
         <size>0x40</size>
         <input_file_ref idref="fl-2"/>
      </object_component>
      <object_component id="oc-70">
         <name>.debug_line</name>
         <load_address>0x776</load_address>
         <run_address>0x776</run_address>
         <size>0x88</size>
         <input_file_ref idref="fl-2"/>
      </object_component>
      <object_component id="oc-d0">
         <name>.debug_line</name>
         <load_address>0x7fe</load_address>
         <run_address>0x7fe</run_address>
         <size>0x6d</size>
         <input_file_ref idref="fl-2"/>
      </object_component>
      <object_component id="oc-235">
         <name>.debug_line</name>
         <load_address>0x86b</load_address>
         <run_address>0x86b</run_address>
         <size>0x20</size>
         <input_file_ref idref="fl-4"/>
      </object_component>
      <object_component id="oc-f9">
         <name>.debug_line</name>
         <load_address>0x88b</load_address>
         <run_address>0x88b</run_address>
         <size>0x225</size>
         <input_file_ref idref="fl-4"/>
      </object_component>
      <object_component id="oc-164">
         <name>.debug_line</name>
         <load_address>0xab0</load_address>
         <run_address>0xab0</run_address>
         <size>0x69</size>
         <input_file_ref idref="fl-4"/>
      </object_component>
      <object_component id="oc-106">
         <name>.debug_line</name>
         <load_address>0xb19</load_address>
         <run_address>0xb19</run_address>
         <size>0x74</size>
         <input_file_ref idref="fl-5"/>
      </object_component>
      <object_component id="oc-157">
         <name>.debug_line</name>
         <load_address>0xb8d</load_address>
         <run_address>0xb8d</run_address>
         <size>0x3a</size>
         <input_file_ref idref="fl-7"/>
      </object_component>
      <object_component id="oc-1e0">
         <name>.debug_line</name>
         <load_address>0xbc7</load_address>
         <run_address>0xbc7</run_address>
         <size>0x52</size>
         <input_file_ref idref="fl-7"/>
      </object_component>
      <object_component id="oc-1e7">
         <name>.debug_line</name>
         <load_address>0xc19</load_address>
         <run_address>0xc19</run_address>
         <size>0x52</size>
         <input_file_ref idref="fl-7"/>
      </object_component>
      <object_component id="oc-1ee">
         <name>.debug_line</name>
         <load_address>0xc6b</load_address>
         <run_address>0xc6b</run_address>
         <size>0x52</size>
         <input_file_ref idref="fl-7"/>
      </object_component>
      <object_component id="oc-1f5">
         <name>.debug_line</name>
         <load_address>0xcbd</load_address>
         <run_address>0xcbd</run_address>
         <size>0x52</size>
         <input_file_ref idref="fl-7"/>
      </object_component>
      <object_component id="oc-1fc">
         <name>.debug_line</name>
         <load_address>0xd0f</load_address>
         <run_address>0xd0f</run_address>
         <size>0x52</size>
         <input_file_ref idref="fl-7"/>
      </object_component>
      <object_component id="oc-203">
         <name>.debug_line</name>
         <load_address>0xd61</load_address>
         <run_address>0xd61</run_address>
         <size>0x52</size>
         <input_file_ref idref="fl-7"/>
      </object_component>
      <object_component id="oc-171">
         <name>.debug_line</name>
         <load_address>0xdb3</load_address>
         <run_address>0xdb3</run_address>
         <size>0x54</size>
         <input_file_ref idref="fl-7"/>
      </object_component>
      <object_component id="oc-16a">
         <name>.debug_line</name>
         <load_address>0xe07</load_address>
         <run_address>0xe07</run_address>
         <size>0x54</size>
         <input_file_ref idref="fl-7"/>
      </object_component>
      <object_component id="oc-ff">
         <name>.debug_line</name>
         <load_address>0xe5b</load_address>
         <run_address>0xe5b</run_address>
         <size>0x55</size>
         <input_file_ref idref="fl-7"/>
      </object_component>
      <object_component id="oc-76">
         <name>.debug_line</name>
         <load_address>0xeb0</load_address>
         <run_address>0xeb0</run_address>
         <size>0x509</size>
         <input_file_ref idref="fl-7"/>
      </object_component>
      <object_component id="oc-1da">
         <name>.debug_line</name>
         <load_address>0x13b9</load_address>
         <run_address>0x13b9</run_address>
         <size>0x20</size>
         <input_file_ref idref="fl-8"/>
      </object_component>
      <object_component id="oc-15e">
         <name>.debug_line</name>
         <load_address>0x13d9</load_address>
         <run_address>0x13d9</run_address>
         <size>0x3e</size>
         <input_file_ref idref="fl-8"/>
      </object_component>
      <object_component id="oc-219">
         <name>.debug_line</name>
         <load_address>0x1417</load_address>
         <run_address>0x1417</run_address>
         <size>0x59</size>
         <input_file_ref idref="fl-8"/>
      </object_component>
      <object_component id="oc-192">
         <name>.debug_line</name>
         <load_address>0x1470</load_address>
         <run_address>0x1470</run_address>
         <size>0x5d</size>
         <input_file_ref idref="fl-8"/>
      </object_component>
      <object_component id="oc-199">
         <name>.debug_line</name>
         <load_address>0x14cd</load_address>
         <run_address>0x14cd</run_address>
         <size>0x56</size>
         <input_file_ref idref="fl-8"/>
      </object_component>
      <object_component id="oc-112">
         <name>.debug_line</name>
         <load_address>0x1523</load_address>
         <run_address>0x1523</run_address>
         <size>0x76</size>
         <input_file_ref idref="fl-8"/>
      </object_component>
      <object_component id="oc-7c">
         <name>.debug_line</name>
         <load_address>0x1599</load_address>
         <run_address>0x1599</run_address>
         <size>0x168</size>
         <input_file_ref idref="fl-8"/>
      </object_component>
      <object_component id="oc-1a0">
         <name>.debug_line</name>
         <load_address>0x1701</load_address>
         <run_address>0x1701</run_address>
         <size>0x43</size>
         <input_file_ref idref="fl-c2"/>
      </object_component>
      <object_component id="oc-f2">
         <name>.debug_line</name>
         <load_address>0x1744</load_address>
         <run_address>0x1744</run_address>
         <size>0x92</size>
         <input_file_ref idref="fl-c3"/>
      </object_component>
      <object_component id="oc-4c">
         <name>.debug_line</name>
         <load_address>0x17d6</load_address>
         <run_address>0x17d6</run_address>
         <size>0x56</size>
         <input_file_ref idref="fl-c3"/>
      </object_component>
      <object_component id="oc-99">
         <name>.debug_line</name>
         <load_address>0x182c</load_address>
         <run_address>0x182c</run_address>
         <size>0x34</size>
         <input_file_ref idref="fl-c3"/>
      </object_component>
      <object_component id="oc-ef">
         <name>.debug_line</name>
         <load_address>0x1860</load_address>
         <run_address>0x1860</run_address>
         <size>0x92</size>
         <input_file_ref idref="fl-c3"/>
      </object_component>
      <object_component id="oc-94">
         <name>.debug_line</name>
         <load_address>0x18f2</load_address>
         <run_address>0x18f2</run_address>
         <size>0x20</size>
         <input_file_ref idref="fl-c4"/>
      </object_component>
      <object_component id="oc-22">
         <name>.debug_line</name>
         <load_address>0x1912</load_address>
         <run_address>0x1912</run_address>
         <size>0x55</size>
         <input_file_ref idref="fl-c4"/>
      </object_component>
      <object_component id="oc-45">
         <name>.debug_line</name>
         <load_address>0x1967</load_address>
         <run_address>0x1967</run_address>
         <size>0x3a</size>
         <input_file_ref idref="fl-c4"/>
      </object_component>
      <object_component id="oc-91">
         <name>.debug_line</name>
         <load_address>0x19a1</load_address>
         <run_address>0x19a1</run_address>
         <size>0x92</size>
         <input_file_ref idref="fl-c4"/>
      </object_component>
      <object_component id="oc-eb">
         <name>.debug_line</name>
         <load_address>0x1a33</load_address>
         <run_address>0x1a33</run_address>
         <size>0x20</size>
         <input_file_ref idref="fl-c5"/>
      </object_component>
      <object_component id="oc-1c">
         <name>.debug_line</name>
         <load_address>0x1a53</load_address>
         <run_address>0x1a53</run_address>
         <size>0xa9</size>
         <input_file_ref idref="fl-c5"/>
      </object_component>
      <object_component id="oc-35">
         <name>.debug_line</name>
         <load_address>0x1afc</load_address>
         <run_address>0x1afc</run_address>
         <size>0x3a</size>
         <input_file_ref idref="fl-c5"/>
      </object_component>
      <object_component id="oc-e8">
         <name>.debug_line</name>
         <load_address>0x1b36</load_address>
         <run_address>0x1b36</run_address>
         <size>0x9a</size>
         <input_file_ref idref="fl-c5"/>
      </object_component>
      <object_component id="oc-8a">
         <name>.debug_line</name>
         <load_address>0x1bd0</load_address>
         <run_address>0x1bd0</run_address>
         <size>0x96</size>
         <input_file_ref idref="fl-c5"/>
      </object_component>
      <object_component id="oc-da">
         <name>.debug_line</name>
         <load_address>0x1c66</load_address>
         <run_address>0x1c66</run_address>
         <size>0x10f</size>
         <input_file_ref idref="fl-c6"/>
      </object_component>
      <object_component id="oc-82">
         <name>.debug_line</name>
         <load_address>0x1d75</load_address>
         <run_address>0x1d75</run_address>
         <size>0x2c</size>
         <input_file_ref idref="fl-c6"/>
      </object_component>
      <object_component id="oc-214">
         <name>.debug_line</name>
         <load_address>0x1da1</load_address>
         <run_address>0x1da1</run_address>
         <size>0x2c</size>
         <input_file_ref idref="fl-c6"/>
      </object_component>
      <object_component id="oc-179">
         <name>.debug_line</name>
         <load_address>0x1dcd</load_address>
         <run_address>0x1dcd</run_address>
         <size>0x50</size>
         <input_file_ref idref="fl-c6"/>
      </object_component>
      <object_component id="oc-17f">
         <name>.debug_line</name>
         <load_address>0x1e1d</load_address>
         <run_address>0x1e1d</run_address>
         <size>0x55</size>
         <input_file_ref idref="fl-c6"/>
      </object_component>
      <object_component id="oc-185">
         <name>.debug_line</name>
         <load_address>0x1e72</load_address>
         <run_address>0x1e72</run_address>
         <size>0xa6</size>
         <input_file_ref idref="fl-c6"/>
      </object_component>
      <object_component id="oc-10c">
         <name>.debug_line</name>
         <load_address>0x1f18</load_address>
         <run_address>0x1f18</run_address>
         <size>0xf6</size>
         <input_file_ref idref="fl-c6"/>
      </object_component>
      <object_component id="oc-e3">
         <name>.debug_line</name>
         <load_address>0x200e</load_address>
         <run_address>0x200e</run_address>
         <size>0x2c</size>
         <input_file_ref idref="fl-c6"/>
      </object_component>
      <object_component id="oc-de">
         <name>.debug_line</name>
         <load_address>0x203a</load_address>
         <run_address>0x203a</run_address>
         <size>0x92</size>
         <input_file_ref idref="fl-c6"/>
      </object_component>
      <object_component id="oc-86">
         <name>.debug_line</name>
         <load_address>0x20cc</load_address>
         <run_address>0x20cc</run_address>
         <size>0x33</size>
         <input_file_ref idref="fl-c7"/>
      </object_component>
      <object_component id="oc-5e">
         <name>.debug_line</name>
         <load_address>0x20ff</load_address>
         <run_address>0x20ff</run_address>
         <size>0x45</size>
         <input_file_ref idref="fl-c7"/>
      </object_component>
      <object_component id="oc-40">
         <name>.debug_line</name>
         <load_address>0x2144</load_address>
         <run_address>0x2144</run_address>
         <size>0x88</size>
         <input_file_ref idref="fl-c8"/>
      </object_component>
      <object_component id="oc-222">
         <name>.debug_line</name>
         <load_address>0x21cc</load_address>
         <run_address>0x21cc</run_address>
         <size>0xbf</size>
         <input_file_ref idref="fl-ca"/>
      </object_component>
      <object_component id="oc-128">
         <name>.debug_line</name>
         <load_address>0x228b</load_address>
         <run_address>0x228b</run_address>
         <size>0x6f</size>
         <input_file_ref idref="fl-ca"/>
      </object_component>
      <object_component id="oc-226">
         <name>.debug_line</name>
         <load_address>0x22fa</load_address>
         <run_address>0x22fa</run_address>
         <size>0x2e</size>
         <input_file_ref idref="fl-ca"/>
      </object_component>
      <object_component id="oc-23c">
         <name>.debug_line</name>
         <load_address>0x2328</load_address>
         <run_address>0x2328</run_address>
         <size>0x9a</size>
         <input_file_ref idref="fl-ca"/>
      </object_component>
      <object_component id="oc-22b">
         <name>.debug_line</name>
         <load_address>0x23c2</load_address>
         <run_address>0x23c2</run_address>
         <size>0x97</size>
         <input_file_ref idref="fl-ca"/>
      </object_component>
      <object_component id="oc-230">
         <name>.debug_line</name>
         <load_address>0x2459</load_address>
         <run_address>0x2459</run_address>
         <size>0x93</size>
         <input_file_ref idref="fl-ca"/>
      </object_component>
      <object_component id="oc-a6">
         <name>.debug_line</name>
         <load_address>0x24ec</load_address>
         <run_address>0x24ec</run_address>
         <size>0x40</size>
         <input_file_ref idref="fl-cb"/>
      </object_component>
      <object_component id="oc-11c">
         <name>.debug_line</name>
         <load_address>0x252c</load_address>
         <run_address>0x252c</run_address>
         <size>0x3c</size>
         <input_file_ref idref="fl-cd"/>
      </object_component>
      <object_component id="oc-238">
         <name>.debug_line</name>
         <load_address>0x2568</load_address>
         <run_address>0x2568</run_address>
         <size>0x20</size>
         <input_file_ref idref="fl-ce"/>
      </object_component>
      <object_component id="oc-210">
         <name>.debug_line</name>
         <load_address>0x2588</load_address>
         <run_address>0x2588</run_address>
         <size>0x2b</size>
         <input_file_ref idref="fl-ce"/>
      </object_component>
      <object_component id="oc-20d">
         <name>.debug_line</name>
         <load_address>0x25b3</load_address>
         <run_address>0x25b3</run_address>
         <size>0x3a</size>
         <input_file_ref idref="fl-ce"/>
      </object_component>
      <object_component id="oc-ad">
         <name>.debug_frame</name>
         <load_address>0x0</load_address>
         <run_address>0x0</run_address>
         <size>0x5c</size>
         <input_file_ref idref="fl-1"/>
      </object_component>
      <object_component id="oc-71">
         <name>.debug_frame</name>
         <load_address>0x5c</load_address>
         <run_address>0x5c</run_address>
         <size>0x7c</size>
         <input_file_ref idref="fl-2"/>
      </object_component>
      <object_component id="oc-fa">
         <name>.debug_frame</name>
         <load_address>0xd8</load_address>
         <run_address>0xd8</run_address>
         <size>0x190</size>
         <input_file_ref idref="fl-4"/>
      </object_component>
      <object_component id="oc-107">
         <name>.debug_frame</name>
         <load_address>0x268</load_address>
         <run_address>0x268</run_address>
         <size>0x58</size>
         <input_file_ref idref="fl-5"/>
      </object_component>
      <object_component id="oc-1e1">
         <name>.debug_frame</name>
         <load_address>0x2c0</load_address>
         <run_address>0x2c0</run_address>
         <size>0x54</size>
         <input_file_ref idref="fl-7"/>
      </object_component>
      <object_component id="oc-1e8">
         <name>.debug_frame</name>
         <load_address>0x314</load_address>
         <run_address>0x314</run_address>
         <size>0x54</size>
         <input_file_ref idref="fl-7"/>
      </object_component>
      <object_component id="oc-1ef">
         <name>.debug_frame</name>
         <load_address>0x368</load_address>
         <run_address>0x368</run_address>
         <size>0x54</size>
         <input_file_ref idref="fl-7"/>
      </object_component>
      <object_component id="oc-1f6">
         <name>.debug_frame</name>
         <load_address>0x3bc</load_address>
         <run_address>0x3bc</run_address>
         <size>0x54</size>
         <input_file_ref idref="fl-7"/>
      </object_component>
      <object_component id="oc-1fd">
         <name>.debug_frame</name>
         <load_address>0x410</load_address>
         <run_address>0x410</run_address>
         <size>0x54</size>
         <input_file_ref idref="fl-7"/>
      </object_component>
      <object_component id="oc-204">
         <name>.debug_frame</name>
         <load_address>0x464</load_address>
         <run_address>0x464</run_address>
         <size>0x54</size>
         <input_file_ref idref="fl-7"/>
      </object_component>
      <object_component id="oc-172">
         <name>.debug_frame</name>
         <load_address>0x4b8</load_address>
         <run_address>0x4b8</run_address>
         <size>0x58</size>
         <input_file_ref idref="fl-7"/>
      </object_component>
      <object_component id="oc-16b">
         <name>.debug_frame</name>
         <load_address>0x510</load_address>
         <run_address>0x510</run_address>
         <size>0x58</size>
         <input_file_ref idref="fl-7"/>
      </object_component>
      <object_component id="oc-100">
         <name>.debug_frame</name>
         <load_address>0x568</load_address>
         <run_address>0x568</run_address>
         <size>0x58</size>
         <input_file_ref idref="fl-7"/>
      </object_component>
      <object_component id="oc-77">
         <name>.debug_frame</name>
         <load_address>0x5c0</load_address>
         <run_address>0x5c0</run_address>
         <size>0x33c</size>
         <input_file_ref idref="fl-7"/>
      </object_component>
      <object_component id="oc-21a">
         <name>.debug_frame</name>
         <load_address>0x8fc</load_address>
         <run_address>0x8fc</run_address>
         <size>0x58</size>
         <input_file_ref idref="fl-8"/>
      </object_component>
      <object_component id="oc-193">
         <name>.debug_frame</name>
         <load_address>0x954</load_address>
         <run_address>0x954</run_address>
         <size>0x5c</size>
         <input_file_ref idref="fl-8"/>
      </object_component>
      <object_component id="oc-19a">
         <name>.debug_frame</name>
         <load_address>0x9b0</load_address>
         <run_address>0x9b0</run_address>
         <size>0x54</size>
         <input_file_ref idref="fl-8"/>
      </object_component>
      <object_component id="oc-113">
         <name>.debug_frame</name>
         <load_address>0xa04</load_address>
         <run_address>0xa04</run_address>
         <size>0x60</size>
         <input_file_ref idref="fl-8"/>
      </object_component>
      <object_component id="oc-7d">
         <name>.debug_frame</name>
         <load_address>0xa64</load_address>
         <run_address>0xa64</run_address>
         <size>0x9c</size>
         <input_file_ref idref="fl-8"/>
      </object_component>
      <object_component id="oc-4d">
         <name>.debug_frame</name>
         <load_address>0xb00</load_address>
         <run_address>0xb00</run_address>
         <size>0x54</size>
         <input_file_ref idref="fl-c3"/>
      </object_component>
      <object_component id="oc-23">
         <name>.debug_frame</name>
         <load_address>0xb54</load_address>
         <run_address>0xb54</run_address>
         <size>0x54</size>
         <input_file_ref idref="fl-c4"/>
      </object_component>
      <object_component id="oc-1d">
         <name>.debug_frame</name>
         <load_address>0xba8</load_address>
         <run_address>0xba8</run_address>
         <size>0x60</size>
         <input_file_ref idref="fl-c5"/>
      </object_component>
      <object_component id="oc-17a">
         <name>.debug_frame</name>
         <load_address>0xc08</load_address>
         <run_address>0xc08</run_address>
         <size>0x54</size>
         <input_file_ref idref="fl-c6"/>
      </object_component>
      <object_component id="oc-180">
         <name>.debug_frame</name>
         <load_address>0xc5c</load_address>
         <run_address>0xc5c</run_address>
         <size>0x58</size>
         <input_file_ref idref="fl-c6"/>
      </object_component>
      <object_component id="oc-186">
         <name>.debug_frame</name>
         <load_address>0xcb4</load_address>
         <run_address>0xcb4</run_address>
         <size>0x60</size>
         <input_file_ref idref="fl-c6"/>
      </object_component>
      <object_component id="oc-10d">
         <name>.debug_frame</name>
         <load_address>0xd14</load_address>
         <run_address>0xd14</run_address>
         <size>0x68</size>
         <input_file_ref idref="fl-c6"/>
      </object_component>
      <object_component id="oc-5f">
         <name>.debug_frame</name>
         <load_address>0xd7c</load_address>
         <run_address>0xd7c</run_address>
         <size>0x50</size>
         <input_file_ref idref="fl-c7"/>
      </object_component>
      <object_component id="oc-129">
         <name>.debug_frame</name>
         <load_address>0xdcc</load_address>
         <run_address>0xdcc</run_address>
         <size>0x5c</size>
         <input_file_ref idref="fl-ca"/>
      </object_component>
      <object_component id="oc-a7">
         <name>.debug_frame</name>
         <load_address>0xe28</load_address>
         <run_address>0xe28</run_address>
         <size>0x54</size>
         <input_file_ref idref="fl-cb"/>
      </object_component>
      <object_component id="oc-11d">
         <name>.debug_frame</name>
         <load_address>0xe7c</load_address>
         <run_address>0xe7c</run_address>
         <size>0x54</size>
         <input_file_ref idref="fl-cd"/>
      </object_component>
      <object_component id="oc-20e">
         <name>.debug_frame</name>
         <load_address>0xed0</load_address>
         <run_address>0xed0</run_address>
         <size>0x54</size>
         <input_file_ref idref="fl-ce"/>
      </object_component>
      <object_component id="oc-1a1">
         <name>.debug_abbrev</name>
         <load_address>0x0</load_address>
         <run_address>0x0</run_address>
         <size>0x117</size>
         <input_file_ref idref="fl-1"/>
      </object_component>
      <object_component id="oc-115">
         <name>.debug_abbrev</name>
         <load_address>0x117</load_address>
         <run_address>0x117</run_address>
         <size>0x60</size>
         <input_file_ref idref="fl-1"/>
      </object_component>
      <object_component id="oc-1b4">
         <name>.debug_abbrev</name>
         <load_address>0x177</load_address>
         <run_address>0x177</run_address>
         <size>0xb7</size>
         <input_file_ref idref="fl-1"/>
      </object_component>
      <object_component id="oc-c1">
         <name>.debug_abbrev</name>
         <load_address>0x22e</load_address>
         <run_address>0x22e</run_address>
         <size>0x10f</size>
         <input_file_ref idref="fl-1"/>
      </object_component>
      <object_component id="oc-1a5">
         <name>.debug_abbrev</name>
         <load_address>0x33d</load_address>
         <run_address>0x33d</run_address>
         <size>0x12d</size>
         <input_file_ref idref="fl-1"/>
      </object_component>
      <object_component id="oc-1aa">
         <name>.debug_abbrev</name>
         <load_address>0x46a</load_address>
         <run_address>0x46a</run_address>
         <size>0xc6</size>
         <input_file_ref idref="fl-1"/>
      </object_component>
      <object_component id="oc-1af">
         <name>.debug_abbrev</name>
         <load_address>0x530</load_address>
         <run_address>0x530</run_address>
         <size>0xb7</size>
         <input_file_ref idref="fl-1"/>
      </object_component>
      <object_component id="oc-1b9">
         <name>.debug_abbrev</name>
         <load_address>0x5e7</load_address>
         <run_address>0x5e7</run_address>
         <size>0x5a</size>
         <input_file_ref idref="fl-1"/>
      </object_component>
      <object_component id="oc-d6">
         <name>.debug_abbrev</name>
         <load_address>0x641</load_address>
         <run_address>0x641</run_address>
         <size>0x69</size>
         <input_file_ref idref="fl-1"/>
      </object_component>
      <object_component id="oc-39">
         <name>.debug_abbrev</name>
         <load_address>0x6aa</load_address>
         <run_address>0x6aa</run_address>
         <size>0x1f</size>
         <input_file_ref idref="fl-1"/>
      </object_component>
      <object_component id="oc-15a">
         <name>.debug_abbrev</name>
         <load_address>0x6c9</load_address>
         <run_address>0x6c9</run_address>
         <size>0x5c</size>
         <input_file_ref idref="fl-1"/>
      </object_component>
      <object_component id="oc-c6">
         <name>.debug_abbrev</name>
         <load_address>0x725</load_address>
         <run_address>0x725</run_address>
         <size>0x24</size>
         <input_file_ref idref="fl-1"/>
      </object_component>
      <object_component id="oc-d2">
         <name>.debug_abbrev</name>
         <load_address>0x749</load_address>
         <run_address>0x749</run_address>
         <size>0xc6</size>
         <input_file_ref idref="fl-2"/>
      </object_component>
      <object_component id="oc-7e">
         <name>.debug_abbrev</name>
         <load_address>0x80f</load_address>
         <run_address>0x80f</run_address>
         <size>0x29</size>
         <input_file_ref idref="fl-2"/>
      </object_component>
      <object_component id="oc-ba">
         <name>.debug_abbrev</name>
         <load_address>0x838</load_address>
         <run_address>0x838</run_address>
         <size>0x79</size>
         <input_file_ref idref="fl-2"/>
      </object_component>
      <object_component id="oc-cf">
         <name>.debug_abbrev</name>
         <load_address>0x8b1</load_address>
         <run_address>0x8b1</run_address>
         <size>0xb7</size>
         <input_file_ref idref="fl-2"/>
      </object_component>
      <object_component id="oc-234">
         <name>.debug_abbrev</name>
         <load_address>0x968</load_address>
         <run_address>0x968</run_address>
         <size>0x49</size>
         <input_file_ref idref="fl-4"/>
      </object_component>
      <object_component id="oc-160">
         <name>.debug_abbrev</name>
         <load_address>0x9b1</load_address>
         <run_address>0x9b1</run_address>
         <size>0xa9</size>
         <input_file_ref idref="fl-4"/>
      </object_component>
      <object_component id="oc-163">
         <name>.debug_abbrev</name>
         <load_address>0xa5a</load_address>
         <run_address>0xa5a</run_address>
         <size>0xc6</size>
         <input_file_ref idref="fl-4"/>
      </object_component>
      <object_component id="oc-174">
         <name>.debug_abbrev</name>
         <load_address>0xb20</load_address>
         <run_address>0xb20</run_address>
         <size>0x5e</size>
         <input_file_ref idref="fl-5"/>
      </object_component>
      <object_component id="oc-156">
         <name>.debug_abbrev</name>
         <load_address>0xb7e</load_address>
         <run_address>0xb7e</run_address>
         <size>0x87</size>
         <input_file_ref idref="fl-7"/>
      </object_component>
      <object_component id="oc-1df">
         <name>.debug_abbrev</name>
         <load_address>0xc05</load_address>
         <run_address>0xc05</run_address>
         <size>0x50</size>
         <input_file_ref idref="fl-7"/>
      </object_component>
      <object_component id="oc-1e6">
         <name>.debug_abbrev</name>
         <load_address>0xc55</load_address>
         <run_address>0xc55</run_address>
         <size>0x50</size>
         <input_file_ref idref="fl-7"/>
      </object_component>
      <object_component id="oc-1ed">
         <name>.debug_abbrev</name>
         <load_address>0xca5</load_address>
         <run_address>0xca5</run_address>
         <size>0x50</size>
         <input_file_ref idref="fl-7"/>
      </object_component>
      <object_component id="oc-1f4">
         <name>.debug_abbrev</name>
         <load_address>0xcf5</load_address>
         <run_address>0xcf5</run_address>
         <size>0x50</size>
         <input_file_ref idref="fl-7"/>
      </object_component>
      <object_component id="oc-1fb">
         <name>.debug_abbrev</name>
         <load_address>0xd45</load_address>
         <run_address>0xd45</run_address>
         <size>0x50</size>
         <input_file_ref idref="fl-7"/>
      </object_component>
      <object_component id="oc-202">
         <name>.debug_abbrev</name>
         <load_address>0xd95</load_address>
         <run_address>0xd95</run_address>
         <size>0x50</size>
         <input_file_ref idref="fl-7"/>
      </object_component>
      <object_component id="oc-170">
         <name>.debug_abbrev</name>
         <load_address>0xde5</load_address>
         <run_address>0xde5</run_address>
         <size>0x5e</size>
         <input_file_ref idref="fl-7"/>
      </object_component>
      <object_component id="oc-169">
         <name>.debug_abbrev</name>
         <load_address>0xe43</load_address>
         <run_address>0xe43</run_address>
         <size>0x5e</size>
         <input_file_ref idref="fl-7"/>
      </object_component>
      <object_component id="oc-fe">
         <name>.debug_abbrev</name>
         <load_address>0xea1</load_address>
         <run_address>0xea1</run_address>
         <size>0x5e</size>
         <input_file_ref idref="fl-7"/>
      </object_component>
      <object_component id="oc-be">
         <name>.debug_abbrev</name>
         <load_address>0xeff</load_address>
         <run_address>0xeff</run_address>
         <size>0x124</size>
         <input_file_ref idref="fl-7"/>
      </object_component>
      <object_component id="oc-1d9">
         <name>.debug_abbrev</name>
         <load_address>0x1023</load_address>
         <run_address>0x1023</run_address>
         <size>0x71</size>
         <input_file_ref idref="fl-8"/>
      </object_component>
      <object_component id="oc-15d">
         <name>.debug_abbrev</name>
         <load_address>0x1094</load_address>
         <run_address>0x1094</run_address>
         <size>0x29</size>
         <input_file_ref idref="fl-8"/>
      </object_component>
      <object_component id="oc-218">
         <name>.debug_abbrev</name>
         <load_address>0x10bd</load_address>
         <run_address>0x10bd</run_address>
         <size>0x60</size>
         <input_file_ref idref="fl-8"/>
      </object_component>
      <object_component id="oc-191">
         <name>.debug_abbrev</name>
         <load_address>0x111d</load_address>
         <run_address>0x111d</run_address>
         <size>0x6e</size>
         <input_file_ref idref="fl-8"/>
      </object_component>
      <object_component id="oc-198">
         <name>.debug_abbrev</name>
         <load_address>0x118b</load_address>
         <run_address>0x118b</run_address>
         <size>0x52</size>
         <input_file_ref idref="fl-8"/>
      </object_component>
      <object_component id="oc-111">
         <name>.debug_abbrev</name>
         <load_address>0x11dd</load_address>
         <run_address>0x11dd</run_address>
         <size>0x7a</size>
         <input_file_ref idref="fl-8"/>
      </object_component>
      <object_component id="oc-cc">
         <name>.debug_abbrev</name>
         <load_address>0x1257</load_address>
         <run_address>0x1257</run_address>
         <size>0x9b</size>
         <input_file_ref idref="fl-8"/>
      </object_component>
      <object_component id="oc-21c">
         <name>.debug_abbrev</name>
         <load_address>0x12f2</load_address>
         <run_address>0x12f2</run_address>
         <size>0x3c</size>
         <input_file_ref idref="fl-c2"/>
      </object_component>
      <object_component id="oc-f1">
         <name>.debug_abbrev</name>
         <load_address>0x132e</load_address>
         <run_address>0x132e</run_address>
         <size>0x5d</size>
         <input_file_ref idref="fl-c3"/>
      </object_component>
      <object_component id="oc-95">
         <name>.debug_abbrev</name>
         <load_address>0x138b</load_address>
         <run_address>0x138b</run_address>
         <size>0x6f</size>
         <input_file_ref idref="fl-c3"/>
      </object_component>
      <object_component id="oc-98">
         <name>.debug_abbrev</name>
         <load_address>0x13fa</load_address>
         <run_address>0x13fa</run_address>
         <size>0x24</size>
         <input_file_ref idref="fl-c3"/>
      </object_component>
      <object_component id="oc-ee">
         <name>.debug_abbrev</name>
         <load_address>0x141e</load_address>
         <run_address>0x141e</run_address>
         <size>0x24</size>
         <input_file_ref idref="fl-c3"/>
      </object_component>
      <object_component id="oc-93">
         <name>.debug_abbrev</name>
         <load_address>0x1442</load_address>
         <run_address>0x1442</run_address>
         <size>0x37</size>
         <input_file_ref idref="fl-c4"/>
      </object_component>
      <object_component id="oc-41">
         <name>.debug_abbrev</name>
         <load_address>0x1479</load_address>
         <run_address>0x1479</run_address>
         <size>0x74</size>
         <input_file_ref idref="fl-c4"/>
      </object_component>
      <object_component id="oc-44">
         <name>.debug_abbrev</name>
         <load_address>0x14ed</load_address>
         <run_address>0x14ed</run_address>
         <size>0x24</size>
         <input_file_ref idref="fl-c4"/>
      </object_component>
      <object_component id="oc-90">
         <name>.debug_abbrev</name>
         <load_address>0x1511</load_address>
         <run_address>0x1511</run_address>
         <size>0x24</size>
         <input_file_ref idref="fl-c4"/>
      </object_component>
      <object_component id="oc-ea">
         <name>.debug_abbrev</name>
         <load_address>0x1535</load_address>
         <run_address>0x1535</run_address>
         <size>0x37</size>
         <input_file_ref idref="fl-c5"/>
      </object_component>
      <object_component id="oc-31">
         <name>.debug_abbrev</name>
         <load_address>0x156c</load_address>
         <run_address>0x156c</run_address>
         <size>0x6f</size>
         <input_file_ref idref="fl-c5"/>
      </object_component>
      <object_component id="oc-34">
         <name>.debug_abbrev</name>
         <load_address>0x15db</load_address>
         <run_address>0x15db</run_address>
         <size>0x24</size>
         <input_file_ref idref="fl-c5"/>
      </object_component>
      <object_component id="oc-e7">
         <name>.debug_abbrev</name>
         <load_address>0x15ff</load_address>
         <run_address>0x15ff</run_address>
         <size>0x35</size>
         <input_file_ref idref="fl-c5"/>
      </object_component>
      <object_component id="oc-89">
         <name>.debug_abbrev</name>
         <load_address>0x1634</load_address>
         <run_address>0x1634</run_address>
         <size>0x24</size>
         <input_file_ref idref="fl-c5"/>
      </object_component>
      <object_component id="oc-d9">
         <name>.debug_abbrev</name>
         <load_address>0x1658</load_address>
         <run_address>0x1658</run_address>
         <size>0xd6</size>
         <input_file_ref idref="fl-c6"/>
      </object_component>
      <object_component id="oc-81">
         <name>.debug_abbrev</name>
         <load_address>0x172e</load_address>
         <run_address>0x172e</run_address>
         <size>0x29</size>
         <input_file_ref idref="fl-c6"/>
      </object_component>
      <object_component id="oc-213">
         <name>.debug_abbrev</name>
         <load_address>0x1757</load_address>
         <run_address>0x1757</run_address>
         <size>0x27</size>
         <input_file_ref idref="fl-c6"/>
      </object_component>
      <object_component id="oc-206">
         <name>.debug_abbrev</name>
         <load_address>0x177e</load_address>
         <run_address>0x177e</run_address>
         <size>0x6d</size>
         <input_file_ref idref="fl-c6"/>
      </object_component>
      <object_component id="oc-207">
         <name>.debug_abbrev</name>
         <load_address>0x17eb</load_address>
         <run_address>0x17eb</run_address>
         <size>0x6d</size>
         <input_file_ref idref="fl-c6"/>
      </object_component>
      <object_component id="oc-208">
         <name>.debug_abbrev</name>
         <load_address>0x1858</load_address>
         <run_address>0x1858</run_address>
         <size>0x7b</size>
         <input_file_ref idref="fl-c6"/>
      </object_component>
      <object_component id="oc-18d">
         <name>.debug_abbrev</name>
         <load_address>0x18d3</load_address>
         <run_address>0x18d3</run_address>
         <size>0x8e</size>
         <input_file_ref idref="fl-c6"/>
      </object_component>
      <object_component id="oc-e2">
         <name>.debug_abbrev</name>
         <load_address>0x1961</load_address>
         <run_address>0x1961</run_address>
         <size>0x7f</size>
         <input_file_ref idref="fl-c6"/>
      </object_component>
      <object_component id="oc-dd">
         <name>.debug_abbrev</name>
         <load_address>0x19e0</load_address>
         <run_address>0x19e0</run_address>
         <size>0x24</size>
         <input_file_ref idref="fl-c6"/>
      </object_component>
      <object_component id="oc-85">
         <name>.debug_abbrev</name>
         <load_address>0x1a04</load_address>
         <run_address>0x1a04</run_address>
         <size>0x29</size>
         <input_file_ref idref="fl-c7"/>
      </object_component>
      <object_component id="oc-b1">
         <name>.debug_abbrev</name>
         <load_address>0x1a2d</load_address>
         <run_address>0x1a2d</run_address>
         <size>0x55</size>
         <input_file_ref idref="fl-c7"/>
      </object_component>
      <object_component id="oc-8d">
         <name>.debug_abbrev</name>
         <load_address>0x1a82</load_address>
         <run_address>0x1a82</run_address>
         <size>0x3e</size>
         <input_file_ref idref="fl-c8"/>
      </object_component>
      <object_component id="oc-221">
         <name>.debug_abbrev</name>
         <load_address>0x1ac0</load_address>
         <run_address>0x1ac0</run_address>
         <size>0xc0</size>
         <input_file_ref idref="fl-ca"/>
      </object_component>
[...]
         <value>0xda5</value>
         <object_component_ref idref="oc-f5"/>
      </symbol>
      <symbol id="sm-ba">
         <name>FPU__vInit</name>
         <value>0xf59</value>
         <object_component_ref idref="oc-f5"/>
      </symbol>
      <symbol id="sm-bb">
         <name>FPU__vSetNAN</name>
         <value>0xec3</value>
         <object_component_ref idref="oc-f5"/>
      </symbol>
      <symbol id="sm-bc">
         <name>FPU__enGetNAN</name>
         <value>0xe95</value>
         <object_component_ref idref="oc-f5"/>
      </symbol>
      <symbol id="sm-bd">
         <name>FPU__vSetAutoPreservation</name>
         <value>0xd71</value>
         <object_component_ref idref="oc-f5"/>
      </symbol>
      <symbol id="sm-be">
         <name>FPU__enGetAutoPreservation</name>
         <value>0xd43</value>
         <object_component_ref idref="oc-f5"/>
      </symbol>
      <symbol id="sm-bf">
         <name>FPU__enGetRounding</name>
         <value>0xef7</value>
         <object_component_ref idref="oc-f5"/>
      </symbol>
      <symbol id="sm-c0">
         <name>FPU__vSetLazyPreservation</name>
         <value>0xdff</value>
         <object_component_ref idref="oc-f5"/>
      </symbol>
      <symbol id="sm-c1">
         <name>FPU__vSetHalfPrecision</name>
         <value>0xe61</value>
         <object_component_ref idref="oc-f5"/>
      </symbol>
      <symbol id="sm-c2">
         <name>FPU__vSetRounding</name>
         <value>0xf25</value>
         <object_component_ref idref="oc-f5"/>
      </symbol>
      <symbol id="sm-c3">
         <name>FPU__enGetAccessType</name>
         <value>0xcb1</value>
         <object_component_ref idref="oc-f5"/>
      </symbol>
      <symbol id="sm-c4">
         <name>FPU__enGetHalfPrecision</name>
         <value>0xe33</value>
         <object_component_ref idref="oc-f5"/>
      </symbol>
      <symbol id="sm-c5">
         <name>FPU__enGetLazyPreservation</name>
         <value>0xdd1</value>
         <object_component_ref idref="oc-f5"/>
      </symbol>
      <symbol id="sm-c6">
         <name>FPU__vSetAccessType</name>
         <value>0xcfd</value>
         <object_component_ref idref="oc-f5"/>
      </symbol>
      <symbol id="sm-db">
         <name>MPU__vInit</name>
         <value>0x1159</value>
         <object_component_ref idref="oc-102"/>
      </symbol>
      <symbol id="sm-1bd">
         <name>SCB_pu32Context</name>
         <value>0x2000042c</value>
      </symbol>
      <symbol id="sm-1be">
         <name>SCB__vEnableTraps</name>
         <value>0x15ed</value>
         <object_component_ref idref="oc-166"/>
      </symbol>
      <symbol id="sm-1bf">
         <name>SCB_MemoryFault__vEnable</name>
         <value>0x158d</value>
         <object_component_ref idref="oc-1ff"/>
      </symbol>
      <symbol id="sm-1c0">
         <name>SCB__enGetSLEEPONEXIT</name>
         <value>0x3bd</value>
         <object_component_ref idref="oc-72"/>
      </symbol>
      <symbol id="sm-1c1">
         <name>SCB_UsageFault__vEnable</name>
         <value>0x159d</value>
         <object_component_ref idref="oc-1f1"/>
      </symbol>
      <symbol id="sm-1c2">
         <name>SCB_SVCall__enGetPending</name>
         <value>0x5c5</value>
         <object_component_ref idref="oc-72"/>
      </symbol>
      <symbol id="sm-1c3">
         <name>SCB__enGetSleepMode</name>
         <value>0x347</value>
         <object_component_ref idref="oc-72"/>
      </symbol>
      <symbol id="sm-1c4">
         <name>SCB_SysTick__enGetPending</name>
         <value>0x113</value>
         <object_component_ref idref="oc-72"/>
      </symbol>
      <symbol id="sm-1c5">
         <name>SCB_BusFault__enGetPending</name>
         <value>0x5f3</value>
         <object_component_ref idref="oc-72"/>
      </symbol>
      <symbol id="sm-1c6">
         <name>SCB__vEnUnprivilegedSWTRIGGER</name>
         <value>0x15cd</value>
         <object_component_ref idref="oc-1ea"/>
      </symbol>
      <symbol id="sm-1c7">
         <name>SCB_PENDSV__enGetPriority</name>
         <value>0x563</value>
         <object_component_ref idref="oc-72"/>
      </symbol>
      <symbol id="sm-1c8">
         <name>HardFaultISR</name>
         <value>0x801</value>
         <object_component_ref idref="oc-72"/>
      </symbol>
      <symbol id="sm-1c9">
         <name>SCB_ISR__enGetVectorActive</name>
         <value>0x19d</value>
         <object_component_ref idref="oc-72"/>
      </symbol>
      <symbol id="sm-1ca">
         <name>SCB_SysTick__enGetPriority</name>
         <value>0x535</value>
         <object_component_ref idref="oc-72"/>
      </symbol>
      <symbol id="sm-1cb">
         <name>SCB__vEnDIV0Trap</name>
         <value>0x15ad</value>
         <object_component_ref idref="oc-1dc"/>
      </symbol>
      <symbol id="sm-1cc">
         <name>NMIISR</name>
         <value>0x67d</value>
         <object_component_ref idref="oc-72"/>
      </symbol>
      <symbol id="sm-1cd">
         <name>SCB_UsageFault__enGetPending</name>
         <value>0x64f</value>
         <object_component_ref idref="oc-72"/>
      </symbol>
      <symbol id="sm-1ce">
         <name>SCB_UsageFault__enGetPriority</name>
         <value>0x467</value>
         <object_component_ref idref="oc-72"/>
      </symbol>
      <symbol id="sm-1cf">
         <name>SCB_MemoryFault__enGetPriority</name>
         <value>0x4c3</value>
         <object_component_ref idref="oc-72"/>
      </symbol>
      <symbol id="sm-1d0">
         <name>PendSVISR</name>
         <value>0x67f</value>
         <object_component_ref idref="oc-72"/>
      </symbol>
      <symbol id="sm-1d1">
         <name>SCB_ISR__enGetVectorPending</name>
         <value>0x16f</value>
         <object_component_ref idref="oc-72"/>
      </symbol>
      <symbol id="sm-1d2">
         <name>UsageFaultISR</name>
         <value>0x685</value>
         <object_component_ref idref="oc-72"/>
      </symbol>
      <symbol id="sm-1d3">
         <name>SCB_ISR__enGetPendingState</name>
         <value>0x141</value>
         <object_component_ref idref="oc-72"/>
      </symbol>
      <symbol id="sm-1d4">
         <name>SCB__enSetSleepMode</name>
         <value>0x2ff</value>
         <object_component_ref idref="oc-72"/>
      </symbol>
      <symbol id="sm-1d5">
         <name>SCB_SVCall__enGetPriority</name>
         <value>0x4f9</value>
         <object_component_ref idref="oc-72"/>
      </symbol>
      <symbol id="sm-1d6">
         <name>SCB_DEBUG__enGetPriority</name>
         <value>0x591</value>
         <object_component_ref idref="oc-72"/>
      </symbol>
      <symbol id="sm-1d7">
         <name>SCB_BusFault__enGetPriority</name>
         <value>0x495</value>
         <object_component_ref idref="oc-72"/>
      </symbol>
      <symbol id="sm-1d8">
         <name>SCB__enSetPriorityGroup</name>
         <value>0x1c9</value>
         <object_component_ref idref="oc-72"/>
      </symbol>
      <symbol id="sm-1d9">
         <name>SCB__enGetStackAligment</name>
         <value>0x439</value>
         <object_component_ref idref="oc-72"/>
      </symbol>
      <symbol id="sm-1da">
         <name>SCB__enGetWakeUpSource</name>
         <value>0x2d1</value>
         <object_component_ref idref="oc-72"/>
      </symbol>
      <symbol id="sm-1db">
         <name>SCB__enGetPriorityGroup</name>
         <value>0x25b</value>
         <object_component_ref idref="oc-72"/>
      </symbol>
      <symbol id="sm-1dc">
         <name>SCB__enSetWakeUpSource</name>
         <value>0x289</value>
         <object_component_ref idref="oc-72"/>
      </symbol>
      <symbol id="sm-1dd">
         <name>SCB__enSetStackAligment</name>
         <value>0x3f1</value>
         <object_component_ref idref="oc-72"/>
      </symbol>
      <symbol id="sm-1de">
         <name>SCB__enSetSLEEPONEXIT</name>
         <value>0x375</value>
         <object_component_ref idref="oc-72"/>
      </symbol>
      <symbol id="sm-1df">
         <name>SCB_BusFault__vEnable</name>
         <value>0x157d</value>
         <object_component_ref idref="oc-1f8"/>
      </symbol>
      <symbol id="sm-1e0">
         <name>SVCallISR</name>
         <value>0x82f</value>
         <object_component_ref idref="oc-72"/>
      </symbol>
      <symbol id="sm-1e1">
         <name>SCB__vEnUnAlignTrap</name>
         <value>0x15bd</value>
         <object_component_ref idref="oc-1e3"/>
      </symbol>
      <symbol id="sm-1e2">
         <name>SCB__vInit</name>
         <value>0x1539</value>
         <object_component_ref idref="oc-fb"/>
      </symbol>
      <symbol id="sm-1e3">
         <name>MemoryFaultISR</name>
         <value>0x781</value>
         <object_component_ref idref="oc-72"/>
      </symbol>
      <symbol id="sm-1e4">
         <name>SCB_PENDSV__enGetPending</name>
         <value>0xe5</value>
         <object_component_ref idref="oc-72"/>
      </symbol>
      <symbol id="sm-1e5">
         <name>SCB_MemoryFault__enGetPending</name>
         <value>0x621</value>
         <object_component_ref idref="oc-72"/>
      </symbol>
      <symbol id="sm-1e6">
         <name>SCB__vEnableExceptions</name>
         <value>0x15dd</value>
         <object_component_ref idref="oc-16d"/>
      </symbol>
      <symbol id="sm-1e7">
         <name>BusFaultISR</name>
         <value>0x6f9</value>
         <object_component_ref idref="oc-72"/>
      </symbol>
      <symbol id="sm-263">
         <name>SysTickISR</name>
         <value>0xc71</value>
         <object_component_ref idref="oc-78"/>
      </symbol>
      <symbol id="sm-264">
         <name>SysTick_u32CountTick</name>
         <value>0x20000410</value>
         <object_component_ref idref="oc-c9"/>
      </symbol>
      <symbol id="sm-265">
         <name>SysTick__enInitTick</name>
         <value>0x83d</value>
         <object_component_ref idref="oc-78"/>
      </symbol>
      <symbol id="sm-266">
         <name>SysTick_u32FrecBase</name>
         <value>0x20000414</value>
         <object_component_ref idref="oc-c9"/>
      </symbol>
      <symbol id="sm-267">
         <name>SysTick_fUsBase</name>
         <value>0x20000418</value>
         <object_component_ref idref="oc-c9"/>
      </symbol>
      <symbol id="sm-268">
         <name>SysTick__vDelayUs</name>
         <value>0x106d</value>
         <object_component_ref idref="oc-10e"/>
      </symbol>
      <symbol id="sm-269">
         <name>SysTick__enInitFrequency</name>
         <value>0x959</value>
         <object_component_ref idref="oc-78"/>
      </symbol>
      <symbol id="sm-26a">
         <name>SysTick_u32CountOv</name>
         <value>0x20000400</value>
         <object_component_ref idref="oc-c9"/>
      </symbol>
      <symbol id="sm-26b">
         <name>SysTick__enInitUs</name>
         <value>0xabd</value>
         <object_component_ref idref="oc-78"/>
      </symbol>
      <symbol id="sm-26c">
         <name>SysTick_fUsTick</name>
         <value>0x20000408</value>
         <object_component_ref idref="oc-c9"/>
      </symbol>
      <symbol id="sm-26d">
         <name>SysTick_fFrecTick</name>
         <value>0x2000040c</value>
         <object_component_ref idref="oc-c9"/>
      </symbol>
      <symbol id="sm-26e">
         <name>SysTick__u32GetCurrentTick</name>
         <value>0x1569</value>
         <object_component_ref idref="oc-215"/>
      </symbol>
      <symbol id="sm-26f">
         <name>SysTick_u32Count</name>
         <value>0x20000404</value>
         <object_component_ref idref="oc-c9"/>
      </symbol>
      <symbol id="sm-270">
         <name>SysTick__u64GetCurrentCountTick</name>
         <value>0x13fd</value>
         <object_component_ref idref="oc-18e"/>
      </symbol>
      <symbol id="sm-271">
         <name>SysTick__u32GetMaxTick</name>
         <value>0x160d</value>
         <object_component_ref idref="oc-195"/>
      </symbol>
      <symbol id="sm-27a">
         <name>__aeabi_lmul</name>
         <value>0x1551</value>
         <object_component_ref idref="oc-19c"/>
      </symbol>
      <symbol id="sm-293">
         <name>__TI_zero_init_nomemset</name>
         <value>0x1501</value>
         <object_component_ref idref="oc-48"/>
      </symbol>
      <symbol id="sm-2aa">
         <name>__TI_decompress_none</name>
         <value>0x15fd</value>
         <object_component_ref idref="oc-1e"/>
      </symbol>
      <symbol id="sm-2cd">
         <name>__TI_decompress_lzss</name>
         <value>0x132d</value>
         <object_component_ref idref="oc-18"/>
      </symbol>
      <symbol id="sm-331">
         <name>_sys_memory</name>
         <value>0x2000f000</value>
         <object_component_ref idref="oc-2b"/>
      </symbol>
      <symbol id="sm-332">
         <name>memalign</name>
         <value>0xf7d</value>
         <object_component_ref idref="oc-108"/>
      </symbol>
      <symbol id="sm-333">
         <name>aligned_alloc</name>
         <value>0xf7d</value>
         <object_component_ref idref="oc-108"/>
      </symbol>
      <symbol id="sm-346">
         <name>__stack</name>
         <value>0x2000fe00</value>
         <object_component_ref idref="oc-2e"/>
      </symbol>
      <symbol id="sm-347">
         <name>_c_int00_noargs</name>
         <value>0x14a5</value>
         <object_component_ref idref="oc-5a"/>
      </symbol>
      <symbol id="sm-362">
         <name>memcpy</name>
         <value>0x1215</value>
         <object_component_ref idref="oc-3c"/>
      </symbol>
      <symbol id="sm-363">
         <name>__aeabi_memcpy</name>
         <value>0x1215</value>
         <object_component_ref idref="oc-3c"/>
      </symbol>
      <symbol id="sm-364">
         <name>__aeabi_memcpy8</name>
         <value>0x1215</value>
         <object_component_ref idref="oc-3c"/>
      </symbol>
      <symbol id="sm-365">
         <name>__aeabi_memcpy4</name>
         <value>0x1215</value>
         <object_component_ref idref="oc-3c"/>
      </symbol>
      <symbol id="sm-38e">
         <name>__TI_auto_init_nobinit_nopinit</name>
         <value>0x1461</value>
         <object_component_ref idref="oc-124"/>
      </symbol>
      <symbol id="sm-398">
         <name>_system_pre_init</name>
         <value>0x1623</value>
         <object_component_ref idref="oc-a2"/>
      </symbol>
      <symbol id="sm-3a4">
         <name>C$$EXIT</name>
         <value>0x1627</value>
         <object_component_ref idref="oc-118"/>
      </symbol>
      <symbol id="sm-3a5">
         <name>abort</name>
         <value>0x1627</value>
         <object_component_ref idref="oc-118"/>
      </symbol>
      <symbol id="sm-3ba">
         <name>_nop</name>
         <value>0x160b</value>
         <object_component_ref idref="oc-209"/>
      </symbol>
      <symbol id="sm-3bb">
         <name>_lock</name>
         <value>0x2000041c</value>
         <object_component_ref idref="oc-187"/>
      </symbol>
      <symbol id="sm-3bc">
         <name>_unlock</name>
         <value>0x20000420</value>
         <object_component_ref idref="oc-187"/>
      </symbol>
      <symbol id="sm-3be">
         <name>__TI_static_base__</name>
         <value>0x0</value>
      </symbol>
      <symbol id="sm-3c1">
         <name>__mpu_init</name>
         <value>0x0</value>
      </symbol>
      <symbol id="sm-3c2">
         <name>_system_post_cinit</name>
         <value>0x0</value>
      </symbol>
      <symbol id="sm-3c3">
         <name>PSS_IRQHandler</name>
         <value>0x161f</value>
      </symbol>
      <symbol id="sm-3c4">
         <name>CS_IRQHandler</name>
         <value>0x161f</value>
      </symbol>
      <symbol id="sm-3c5">
         <name>PCM_IRQHandler</name>
         <value>0x161f</value>
      </symbol>
      <symbol id="sm-3c6">
         <name>FPU_IRQHandler</name>
         <value>0x161f</value>
      </symbol>
      <symbol id="sm-3c7">
         <name>FLCTL_IRQHandler</name>
         <value>0x161f</value>
      </symbol>
      <symbol id="sm-3c8">
         <name>COMP_E0_IRQHandler</name>
         <value>0x161f</value>
      </symbol>
      <symbol id="sm-3c9">
         <name>COMP_E1_IRQHandler</name>
         <value>0x161f</value>
      </symbol>
      <symbol id="sm-3ca">
         <name>TA0_0_IRQHandler</name>
         <value>0x161f</value>
      </symbol>
      <symbol id="sm-3cb">
         <name>TA0_N_IRQHandler</name>
         <value>0x161f</value>
      </symbol>
      <symbol id="sm-3cc">
         <name>TA1_0_IRQHandler</name>
         <value>0x161f</value>
      </symbol>
      <symbol id="sm-3cd">
         <name>TA1_N_IRQHandler</name>
         <value>0x161f</value>
      </symbol>
      <symbol id="sm-3ce">
         <name>TA2_0_IRQHandler</name>
         <value>0x161f</value>
      </symbol>
      <symbol id="sm-3cf">
         <name>TA2_N_IRQHandler</name>
         <value>0x161f</value>
      </symbol>
      <symbol id="sm-3d0">
         <name>TA3_0_IRQHandler</name>
         <value>0x161f</value>
      </symbol>
      <symbol id="sm-3d1">
         <name>TA3_N_IRQHandler</name>
         <value>0x161f</value>
      </symbol>
      <symbol id="sm-3d2">
         <name>EUSCIA0_IRQHandler</name>
         <value>0x161f</value>
      </symbol>
      <symbol id="sm-3d3">
         <name>EUSCIA1_IRQHandler</name>
         <value>0x161f</value>
      </symbol>
      <symbol id="sm-3d4">
         <name>EUSCIA2_IRQHandler</name>
         <value>0x161f</value>
      </symbol>
      <symbol id="sm-3d5">
         <name>EUSCIA3_IRQHandler</name>
         <value>0x161f</value>
      </symbol>
      <symbol id="sm-3d6">
         <name>EUSCIB0_IRQHandler</name>
         <value>0x161f</value>
      </symbol>
      <symbol id="sm-3d7">
         <name>EUSCIB1_IRQHandler</name>
         <value>0x161f</value>
      </symbol>
      <symbol id="sm-3d8">
         <name>EUSCIB2_IRQHandler</name>
         <value>0x161f</value>
      </symbol>
      <symbol id="sm-3d9">
         <name>EUSCIB3_IRQHandler</name>
         <value>0x161f</value>
      </symbol>
      <symbol id="sm-3da">
         <name>ADC14_IRQHandler</name>
         <value>0x161f</value>
      </symbol>
      <symbol id="sm-3db">
         <name>T32_INT1_IRQHandler</name>
         <value>0x161f</value>
      </symbol>
      <symbol id="sm-3dc">
         <name>T32_INT2_IRQHandler</name>
         <value>0x161f</value>
      </symbol>
      <symbol id="sm-3dd">
         <name>T32_INTC_IRQHandler</name>
         <value>0x161f</value>
      </symbol>
      <symbol id="sm-3de">
         <name>AES256_IRQHandler</name>
         <value>0x161f</value>
      </symbol>
      <symbol id="sm-3df">
         <name>RTC_C_IRQHandler</name>
         <value>0x161f</value>
      </symbol>
      <symbol id="sm-3e0">
         <name>DMA_ERR_IRQHandler</name>
         <value>0x161f</value>
      </symbol>
      <symbol id="sm-3e1">
         <name>DMA_INT3_IRQHandler</name>
         <value>0x161f</value>
      </symbol>
      <symbol id="sm-3e2">
         <name>DMA_INT2_IRQHandler</name>
         <value>0x161f</value>
      </symbol>
      <symbol id="sm-3e3">
         <name>DMA_INT1_IRQHandler</name>
         <value>0x161f</value>
      </symbol>
      <symbol id="sm-3e4">
         <name>DMA_INT0_IRQHandler</name>
         <value>0x161f</value>
      </symbol>
      <symbol id="sm-3e5">
         <name>PORT1_IRQHandler</name>
         <value>0x161f</value>
      </symbol>
      <symbol id="sm-3e6">
         <name>PORT2_IRQHandler</name>
         <value>0x161f</value>
      </symbol>
      <symbol id="sm-3e7">
         <name>PORT3_IRQHandler</name>
         <value>0x161f</value>
      </symbol>
      <symbol id="sm-3e8">
         <name>PORT4_IRQHandler</name>
         <value>0x161f</value>
      </symbol>
      <symbol id="sm-3e9">
         <name>PORT5_IRQHandler</name>
         <value>0x161f</value>
      </symbol>
      <symbol id="sm-3ea">
         <name>PORT6_IRQHandler</name>
         <value>0x161f</value>
      </symbol>
   </symbol_table>
   <title>Link successful</title>
</link_info>
