<?xml version="1.0" encoding="ISO-8859-1" ?>
<link_info>
   <banner>TI ARM Linker Unix v19.6.0.STS</banner>
   <copyright>Copyright (c) 1996-2018 Texas Instruments Incorporated</copyright>
   <link_time>0x5e7594c0</link_time>
   <link_errors>0x0</link_errors>
   <output_file>MSP432P401R_MPU.out</output_file>
   <entry_point>
      <name>_c_int00_noargs</name>
      <address>0xedd</address>
   </entry_point>
   <input_file_list>
      <input_file id="fl-1">
         <path>./</path>
         <kind>object</kind>
         <file>main.obj</file>
         <name>main.obj</name>
      </input_file>
      <input_file id="fl-2">
         <path>./</path>
         <kind>object</kind>
         <file>startup_msp432p401r_ccs.obj</file>
         <name>startup_msp432p401r_ccs.obj</name>
      </input_file>
      <input_file id="fl-3">
         <path>./</path>
         <kind>object</kind>
         <file>system_msp432p401r.obj</file>
         <name>system_msp432p401r.obj</name>
      </input_file>
      <input_file id="fl-4">
         <path>./Source Driver/</path>
         <kind>object</kind>
         <file>FPU.obj</file>
         <name>FPU.obj</name>
      </input_file>
      <input_file id="fl-5">
         <path>./Source Driver/</path>
         <kind>object</kind>
         <file>MPU.obj</file>
         <name>MPU.obj</name>
      </input_file>
      <input_file id="fl-6">
         <path>./Source Driver/</path>
         <kind>object</kind>
         <file>NVIC.obj</file>
         <name>NVIC.obj</name>
      </input_file>
      <input_file id="fl-7">
         <path>./Source Driver/</path>
         <kind>object</kind>
         <file>SCB.obj</file>
         <name>SCB.obj</name>
      </input_file>
      <input_file id="fl-b">
         <kind>object</kind>
         <file>&lt;internal&gt;</file>
         <name>&lt;internal&gt;</name>
      </input_file>
      <input_file id="fl-c1">
         <path>/home/vyldram/ti/ccs930/ccs/tools/compiler/ti-cgt-arm_19.6.0.STS/lib/</path>
         <kind>archive</kind>
         <file>rtsv7M4_T_le_v4SPD16_eabi.lib</file>
         <name>copy_zero_init.c.obj</name>
      </input_file>
      <input_file id="fl-c2">
         <path>/home/vyldram/ti/ccs930/ccs/tools/compiler/ti-cgt-arm_19.6.0.STS/lib/</path>
         <kind>archive</kind>
         <file>rtsv7M4_T_le_v4SPD16_eabi.lib</file>
         <name>copy_decompress_none.c.obj</name>
      </input_file>
      <input_file id="fl-c3">
         <path>/home/vyldram/ti/ccs930/ccs/tools/compiler/ti-cgt-arm_19.6.0.STS/lib/</path>
         <kind>archive</kind>
         <file>rtsv7M4_T_le_v4SPD16_eabi.lib</file>
         <name>copy_decompress_lzss.c.obj</name>
      </input_file>
      <input_file id="fl-c4">
         <path>/home/vyldram/ti/ccs930/ccs/tools/compiler/ti-cgt-arm_19.6.0.STS/lib/</path>
         <kind>archive</kind>
         <file>rtsv7M4_T_le_v4SPD16_eabi.lib</file>
         <name>memory.c.obj</name>
      </input_file>
      <input_file id="fl-c5">
         <path>/home/vyldram/ti/ccs930/ccs/tools/compiler/ti-cgt-arm_19.6.0.STS/lib/</path>
         <kind>archive</kind>
         <file>rtsv7M4_T_le_v4SPD16_eabi.lib</file>
         <name>boot_cortex_m.c.obj</name>
      </input_file>
      <input_file id="fl-c6">
         <path>/home/vyldram/ti/ccs930/ccs/tools/compiler/ti-cgt-arm_19.6.0.STS/lib/</path>
         <kind>archive</kind>
         <file>rtsv7M4_T_le_v4SPD16_eabi.lib</file>
         <name>memcpy_t2.asm.obj</name>
      </input_file>
      <input_file id="fl-c7">
         <path>/home/vyldram/ti/ccs930/ccs/tools/compiler/ti-cgt-arm_19.6.0.STS/lib/</path>
         <kind>archive</kind>
         <file>rtsv7M4_T_le_v4SPD16_eabi.lib</file>
         <name>memset_t2.asm.obj</name>
      </input_file>
      <input_file id="fl-c8">
         <path>/home/vyldram/ti/ccs930/ccs/tools/compiler/ti-cgt-arm_19.6.0.STS/lib/</path>
         <kind>archive</kind>
         <file>rtsv7M4_T_le_v4SPD16_eabi.lib</file>
         <name>autoinit.c.obj</name>
      </input_file>
      <input_file id="fl-c9">
         <path>/home/vyldram/ti/ccs930/ccs/tools/compiler/ti-cgt-arm_19.6.0.STS/lib/</path>
         <kind>archive</kind>
         <file>rtsv7M4_T_le_v4SPD16_eabi.lib</file>
         <name>pre_init.c.obj</name>
      </input_file>
      <input_file id="fl-ca">
         <path>/home/vyldram/ti/ccs930/ccs/tools/compiler/ti-cgt-arm_19.6.0.STS/lib/</path>
         <kind>archive</kind>
         <file>rtsv7M4_T_le_v4SPD16_eabi.lib</file>
         <name>cpy_tbl.c.obj</name>
      </input_file>
      <input_file id="fl-cb">
         <path>/home/vyldram/ti/ccs930/ccs/tools/compiler/ti-cgt-arm_19.6.0.STS/lib/</path>
         <kind>archive</kind>
         <file>rtsv7M4_T_le_v4SPD16_eabi.lib</file>
         <name>exit.c.obj</name>
      </input_file>
      <input_file id="fl-cc">
         <path>/home/vyldram/ti/ccs930/ccs/tools/compiler/ti-cgt-arm_19.6.0.STS/lib/</path>
         <kind>archive</kind>
         <file>rtsv7M4_T_le_v4SPD16_eabi.lib</file>
         <name>_lock.c.obj</name>
      </input_file>
      <input_file id="fl-cd">
         <path>/home/vyldram/ti/ccs930/ccs/tools/compiler/ti-cgt-arm_19.6.0.STS/lib/</path>
         <kind>archive</kind>
         <file>rtsv7M4_T_le_v4SPD16_eabi.lib</file>
         <name>args_main.c.obj</name>
      </input_file>
   </input_file_list>
   <object_component_list>
      <object_component id="oc-28">
         <name>.intvecs:retain</name>
         <load_address>0x0</load_address>
         <run_address>0x0</run_address>
         <size>0xe4</size>
         <input_file_ref idref="fl-2"/>
      </object_component>
      <object_component id="oc-72">
         <name>.text</name>
         <load_address>0xe4</load_address>
         <run_address>0xe4</run_address>
         <size>0x758</size>
         <input_file_ref idref="fl-7"/>
      </object_component>
      <object_component id="oc-e6">
         <name>.text</name>
         <load_address>0x83c</load_address>
         <run_address>0x83c</run_address>
         <size>0x2cc</size>
         <input_file_ref idref="fl-4"/>
      </object_component>
      <object_component id="oc-f9">
         <name>.text:aligned_alloc</name>
         <load_address>0xb08</load_address>
         <run_address>0xb08</run_address>
         <size>0xf0</size>
         <input_file_ref idref="fl-c4"/>
      </object_component>
      <object_component id="oc-f3">
         <name>.text</name>
         <load_address>0xbf8</load_address>
         <run_address>0xbf8</run_address>
         <size>0xbc</size>
         <input_file_ref idref="fl-5"/>
      </object_component>
      <object_component id="oc-3c">
         <name>.text</name>
         <load_address>0xcb4</load_address>
         <run_address>0xcb4</run_address>
         <size>0x9c</size>
         <input_file_ref idref="fl-c6"/>
      </object_component>
      <object_component id="oc-16e">
         <name>.text:split</name>
         <load_address>0xd50</load_address>
         <run_address>0xd50</run_address>
         <size>0x7c</size>
         <input_file_ref idref="fl-c4"/>
      </object_component>
      <object_component id="oc-18">
         <name>.text:decompress:lzss:__TI_decompress_lzss</name>
         <load_address>0xdcc</load_address>
         <run_address>0xdcc</run_address>
         <size>0x68</size>
         <input_file_ref idref="fl-c3"/>
      </object_component>
      <object_component id="oc-a2">
         <name>.text</name>
         <load_address>0xe34</load_address>
         <run_address>0xe34</run_address>
         <size>0x64</size>
         <input_file_ref idref="fl-1"/>
      </object_component>
      <object_component id="oc-114">
         <name>.text:__TI_auto_init_nobinit_nopinit:__TI_auto_init_nobinit_nopinit</name>
         <load_address>0xe98</load_address>
         <run_address>0xe98</run_address>
         <size>0x44</size>
         <input_file_ref idref="fl-c8"/>
      </object_component>
      <object_component id="oc-5a">
         <name>.text:_c_int00_noargs:_c_int00_noargs</name>
         <load_address>0xedc</load_address>
         <run_address>0xedc</run_address>
         <size>0x34</size>
         <input_file_ref idref="fl-c5"/>
      </object_component>
      <object_component id="oc-168">
         <name>.text:free_list_insert</name>
         <load_address>0xf10</load_address>
         <run_address>0xf10</run_address>
         <size>0x28</size>
         <input_file_ref idref="fl-c4"/>
      </object_component>
      <object_component id="oc-48">
         <name>.text:decompress:ZI:__TI_zero_init_nomemset:__TI_zero_init_nomemset</name>
         <load_address>0xf38</load_address>
         <run_address>0xf38</run_address>
         <size>0x1c</size>
         <input_file_ref idref="fl-c1"/>
      </object_component>
      <object_component id="oc-162">
         <name>.text:free_list_remove</name>
         <load_address>0xf54</load_address>
         <run_address>0xf54</run_address>
         <size>0x1c</size>
         <input_file_ref idref="fl-c4"/>
      </object_component>
      <object_component id="oc-ec">
         <name>.text:SCB__vInit</name>
         <load_address>0xf70</load_address>
         <run_address>0xf70</run_address>
         <size>0x18</size>
         <input_file_ref idref="fl-7"/>
      </object_component>
      <object_component id="oc-1cf">
         <name>.text:SCB_BusFault__vEnable</name>
         <load_address>0xf88</load_address>
         <run_address>0xf88</run_address>
         <size>0x10</size>
         <input_file_ref idref="fl-7"/>
      </object_component>
      <object_component id="oc-1d6">
         <name>.text:SCB_MemoryFault__vEnable</name>
         <load_address>0xf98</load_address>
         <run_address>0xf98</run_address>
         <size>0x10</size>
         <input_file_ref idref="fl-7"/>
      </object_component>
      <object_component id="oc-1c8">
         <name>.text:SCB_UsageFault__vEnable</name>
         <load_address>0xfa8</load_address>
         <run_address>0xfa8</run_address>
         <size>0x10</size>
         <input_file_ref idref="fl-7"/>
      </object_component>
      <object_component id="oc-1b3">
         <name>.text:SCB__vEnDIV0Trap</name>
         <load_address>0xfb8</load_address>
         <run_address>0xfb8</run_address>
         <size>0x10</size>
         <input_file_ref idref="fl-7"/>
      </object_component>
      <object_component id="oc-1ba">
         <name>.text:SCB__vEnUnAlignTrap</name>
         <load_address>0xfc8</load_address>
         <run_address>0xfc8</run_address>
         <size>0x10</size>
         <input_file_ref idref="fl-7"/>
      </object_component>
      <object_component id="oc-1c1">
         <name>.text:SCB__vEnUnprivilegedSWTRIGGER</name>
         <load_address>0xfd8</load_address>
         <run_address>0xfd8</run_address>
         <size>0x10</size>
         <input_file_ref idref="fl-7"/>
      </object_component>
      <object_component id="oc-15a">
         <name>.text:SCB__vEnableExceptions</name>
         <load_address>0xfe8</load_address>
         <run_address>0xfe8</run_address>
         <size>0x10</size>
         <input_file_ref idref="fl-7"/>
      </object_component>
      <object_component id="oc-153">
         <name>.text:SCB__vEnableTraps</name>
         <load_address>0xff8</load_address>
         <run_address>0xff8</run_address>
         <size>0x10</size>
         <input_file_ref idref="fl-7"/>
      </object_component>
      <object_component id="oc-1e">
         <name>.text:decompress:none:__TI_decompress_none</name>
         <load_address>0x1008</load_address>
         <run_address>0x1008</run_address>
         <size>0xe</size>
         <input_file_ref idref="fl-c2"/>
      </object_component>
      <object_component id="oc-6c">
         <name>.text</name>
         <load_address>0x1016</load_address>
         <run_address>0x1016</run_address>
         <size>0xc</size>
         <input_file_ref idref="fl-2"/>
      </object_component>
      <object_component id="oc-9c">
         <name>.text:_system_pre_init</name>
         <load_address>0x1022</load_address>
         <run_address>0x1022</run_address>
         <size>0x4</size>
         <input_file_ref idref="fl-c9"/>
      </object_component>
      <object_component id="oc-108">
         <name>.text:abort:abort</name>
         <load_address>0x1026</load_address>
         <run_address>0x1026</run_address>
         <size>0x4</size>
         <input_file_ref idref="fl-cb"/>
      </object_component>
      <object_component id="oc-1e0">
         <name>.text:_nop</name>
         <load_address>0x102a</load_address>
         <run_address>0x102a</run_address>
         <size>0x2</size>
         <input_file_ref idref="fl-cc"/>
      </object_component>
      <object_component id="oc-102">
         <name>.const</name>
         <load_address>0x10000</load_address>
         <run_address>0x10000</run_address>
         <size>0x4</size>
         <input_file_ref idref="fl-1"/>
      </object_component>
      <object_component id="oc-246">
         <name>.cinit..data.load</name>
         <load_address>0x10008</load_address>
         <run_address>0x10008</run_address>
         <size>0x10</size>
      </object_component>
      <object_component id="oc-244">
         <name>__TI_handler_table</name>
         <load_address>0x10018</load_address>
         <run_address>0x10018</run_address>
         <size>0xc</size>
      </object_component>
      <object_component id="oc-247">
         <name>.cinit..bss.load</name>
         <load_address>0x10028</load_address>
         <run_address>0x10028</run_address>
         <size>0x8</size>
      </object_component>
      <object_component id="oc-245">
         <name>__TI_cinit_table</name>
         <load_address>0x10030</load_address>
         <run_address>0x10030</run_address>
         <size>0x10</size>
      </object_component>
      <object_component id="oc-217">
         <name>.binit</name>
         <load_address>0x10000</load_address>
         <run_address>0x10000</run_address>
         <size>0x0</size>
      </object_component>
      <object_component id="oc-ff">
         <name>.data</name>
         <load_address>0x20000430</load_address>
         <run_address>0x20000430</run_address>
         <size>0x4</size>
         <input_file_ref idref="fl-1"/>
      </object_component>
      <object_component id="oc-177">
         <name>.data:$O1$$</name>
         <load_address>0x20000428</load_address>
         <run_address>0x20000428</run_address>
         <size>0x8</size>
         <input_file_ref idref="fl-c4"/>
      </object_component>
      <object_component id="oc-174">
         <name>.data:$O1$$</name>
         <load_address>0x20000420</load_address>
         <run_address>0x20000420</run_address>
         <size>0x8</size>
         <input_file_ref idref="fl-cc"/>
      </object_component>
      <object_component id="oc-b5">
         <name>.common:SCB_pu32Context</name>
         <uninitialized>true</uninitialized>
         <run_address>0x20000400</run_address>
         <size>0x20</size>
      </object_component>
      <object_component id="oc-2b">
         <name>.sysmem</name>
         <uninitialized>true</uninitialized>
         <run_address>0x2000f000</run_address>
         <size>0x10</size>
         <input_file_ref idref="fl-c4"/>
      </object_component>
      <object_component id="oc-24a">
         <name>.sysmem</name>
         <uninitialized>true</uninitialized>
         <run_address>0x2000f000</run_address>
         <size>0x0</size>
      </object_component>
      <object_component id="oc-2e">
         <name>.stack</name>
         <uninitialized>true</uninitialized>
         <run_address>0x2000fe00</run_address>
         <size>0x4</size>
         <input_file_ref idref="fl-c5"/>
      </object_component>
      <object_component id="oc-249">
         <name>.stack</name>
         <uninitialized>true</uninitialized>
         <run_address>0x2000fe00</run_address>
         <size>0x0</size>
      </object_component>
      <object_component id="oc-106">
         <name>.debug_info</name>
         <load_address>0x0</load_address>
         <run_address>0x0</run_address>
         <size>0x5f1</size>
         <input_file_ref idref="fl-1"/>
      </object_component>
      <object_component id="oc-100">
         <name>.debug_info</name>
         <load_address>0x5f1</load_address>
         <run_address>0x5f1</run_address>
         <size>0xd7</size>
         <input_file_ref idref="fl-1"/>
      </object_component>
      <object_component id="oc-103">
         <name>.debug_info</name>
         <load_address>0x6c8</load_address>
         <run_address>0x6c8</run_address>
         <size>0xd7</size>
         <input_file_ref idref="fl-1"/>
      </object_component>
      <object_component id="oc-a3">
         <name>.debug_info</name>
         <load_address>0x79f</load_address>
         <run_address>0x79f</run_address>
         <size>0x163</size>
         <input_file_ref idref="fl-1"/>
      </object_component>
      <object_component id="oc-181">
         <name>.debug_info</name>
         <load_address>0x902</load_address>
         <run_address>0x902</run_address>
         <size>0x2daf</size>
         <input_file_ref idref="fl-1"/>
      </object_component>
      <object_component id="oc-b9">
         <name>.debug_info</name>
         <load_address>0x36b1</load_address>
         <run_address>0x36b1</run_address>
         <size>0x2501</size>
         <input_file_ref idref="fl-1"/>
      </object_component>
      <object_component id="oc-186">
         <name>.debug_info</name>
         <load_address>0x5bb2</load_address>
         <run_address>0x5bb2</run_address>
         <size>0x929</size>
         <input_file_ref idref="fl-1"/>
      </object_component>
      <object_component id="oc-18b">
         <name>.debug_info</name>
         <load_address>0x64db</load_address>
         <run_address>0x64db</run_address>
         <size>0x7f9</size>
         <input_file_ref idref="fl-1"/>
      </object_component>
      <object_component id="oc-190">
         <name>.debug_info</name>
         <load_address>0x6cd4</load_address>
         <run_address>0x6cd4</run_address>
         <size>0x110</size>
         <input_file_ref idref="fl-1"/>
      </object_component>
      <object_component id="oc-c5">
         <name>.debug_info</name>
         <load_address>0x6de4</load_address>
         <run_address>0x6de4</run_address>
         <size>0x26b</size>
         <input_file_ref idref="fl-1"/>
      </object_component>
      <object_component id="oc-37">
         <name>.debug_info</name>
         <load_address>0x704f</load_address>
         <run_address>0x704f</run_address>
         <size>0x84</size>
         <input_file_ref idref="fl-1"/>
      </object_component>
      <object_component id="oc-148">
         <name>.debug_info</name>
         <load_address>0x70d3</load_address>
         <run_address>0x70d3</run_address>
         <size>0x297</size>
         <input_file_ref idref="fl-1"/>
      </object_component>
      <object_component id="oc-be">
         <name>.debug_info</name>
         <load_address>0x736a</load_address>
         <run_address>0x736a</run_address>
         <size>0xbb</size>
         <input_file_ref idref="fl-1"/>
      </object_component>
      <object_component id="oc-7a">
         <name>.debug_info</name>
         <load_address>0x7425</load_address>
         <run_address>0x7425</run_address>
         <size>0x487</size>
         <input_file_ref idref="fl-2"/>
      </object_component>
      <object_component id="oc-29">
         <name>.debug_info</name>
         <load_address>0x78ac</load_address>
         <run_address>0x78ac</run_address>
         <size>0xf8</size>
         <input_file_ref idref="fl-2"/>
      </object_component>
      <object_component id="oc-6d">
         <name>.debug_info</name>
         <load_address>0x79a4</load_address>
         <run_address>0x79a4</run_address>
         <size>0x275</size>
         <input_file_ref idref="fl-2"/>
      </object_component>
      <object_component id="oc-1b2">
         <name>.debug_info</name>
         <load_address>0x7c19</load_address>
         <run_address>0x7c19</run_address>
         <size>0x2ae</size>
         <input_file_ref idref="fl-4"/>
      </object_component>
      <object_component id="oc-e7">
         <name>.debug_info</name>
         <load_address>0x7ec7</load_address>
         <run_address>0x7ec7</run_address>
         <size>0xbbb</size>
         <input_file_ref idref="fl-4"/>
      </object_component>
      <object_component id="oc-14e">
         <name>.debug_info</name>
         <load_address>0x8a82</load_address>
         <run_address>0x8a82</run_address>
         <size>0x929</size>
         <input_file_ref idref="fl-4"/>
      </object_component>
      <object_component id="oc-f4">
         <name>.debug_info</name>
         <load_address>0x93ab</load_address>
         <run_address>0x93ab</run_address>
         <size>0x148</size>
         <input_file_ref idref="fl-5"/>
      </object_component>
      <object_component id="oc-b6">
         <name>.debug_info</name>
         <load_address>0x94f3</load_address>
         <run_address>0x94f3</run_address>
         <size>0x3af</size>
         <input_file_ref idref="fl-7"/>
      </object_component>
      <object_component id="oc-1b4">
         <name>.debug_info</name>
         <load_address>0x98a2</load_address>
         <run_address>0x98a2</run_address>
         <size>0x139</size>
         <input_file_ref idref="fl-7"/>
      </object_component>
      <object_component id="oc-1bb">
         <name>.debug_info</name>
         <load_address>0x99db</load_address>
         <run_address>0x99db</run_address>
         <size>0x13f</size>
         <input_file_ref idref="fl-7"/>
      </object_component>
      <object_component id="oc-1c2">
         <name>.debug_info</name>
         <load_address>0x9b1a</load_address>
         <run_address>0x9b1a</run_address>
         <size>0x153</size>
         <input_file_ref idref="fl-7"/>
      </object_component>
      <object_component id="oc-1c9">
         <name>.debug_info</name>
         <load_address>0x9c6d</load_address>
         <run_address>0x9c6d</run_address>
         <size>0x147</size>
         <input_file_ref idref="fl-7"/>
      </object_component>
      <object_component id="oc-1d0">
         <name>.debug_info</name>
         <load_address>0x9db4</load_address>
         <run_address>0x9db4</run_address>
         <size>0x143</size>
         <input_file_ref idref="fl-7"/>
      </object_component>
      <object_component id="oc-1d7">
         <name>.debug_info</name>
         <load_address>0x9ef7</load_address>
         <run_address>0x9ef7</run_address>
         <size>0x149</size>
         <input_file_ref idref="fl-7"/>
      </object_component>
      <object_component id="oc-15b">
         <name>.debug_info</name>
         <load_address>0xa040</load_address>
         <run_address>0xa040</run_address>
         <size>0x19e</size>
         <input_file_ref idref="fl-7"/>
      </object_component>
      <object_component id="oc-154">
         <name>.debug_info</name>
         <load_address>0xa1de</load_address>
         <run_address>0xa1de</run_address>
         <size>0x190</size>
         <input_file_ref idref="fl-7"/>
      </object_component>
      <object_component id="oc-ed">
         <name>.debug_info</name>
         <load_address>0xa36e</load_address>
         <run_address>0xa36e</run_address>
         <size>0x19e</size>
         <input_file_ref idref="fl-7"/>
      </object_component>
      <object_component id="oc-73">
         <name>.debug_info</name>
         <load_address>0xa50c</load_address>
         <run_address>0xa50c</run_address>
         <size>0x16b7</size>
         <input_file_ref idref="fl-7"/>
      </object_component>
      <object_component id="oc-95">
         <name>.debug_info</name>
         <load_address>0xbbc3</load_address>
         <run_address>0xbbc3</run_address>
         <size>0x2d4</size>
         <input_file_ref idref="fl-c1"/>
      </object_component>
      <object_component id="oc-49">
         <name>.debug_info</name>
         <load_address>0xbe97</load_address>
         <run_address>0xbe97</run_address>
         <size>0x1d2</size>
         <input_file_ref idref="fl-c1"/>
      </object_component>
      <object_component id="oc-90">
         <name>.debug_info</name>
         <load_address>0xc069</load_address>
         <run_address>0xc069</run_address>
         <size>0x46</size>
         <input_file_ref idref="fl-c1"/>
      </object_component>
      <object_component id="oc-dd">
         <name>.debug_info</name>
         <load_address>0xc0af</load_address>
         <run_address>0xc0af</run_address>
         <size>0x2c</size>
         <input_file_ref idref="fl-c1"/>
      </object_component>
      <object_component id="oc-47">
         <name>.debug_info</name>
         <load_address>0xc0db</load_address>
         <run_address>0xc0db</run_address>
         <size>0x2a8</size>
         <input_file_ref idref="fl-c2"/>
      </object_component>
      <object_component id="oc-1f">
         <name>.debug_info</name>
         <load_address>0xc383</load_address>
         <run_address>0xc383</run_address>
         <size>0x1ea</size>
         <input_file_ref idref="fl-c2"/>
      </object_component>
      <object_component id="oc-42">
         <name>.debug_info</name>
         <load_address>0xc56d</load_address>
         <run_address>0xc56d</run_address>
         <size>0x46</size>
         <input_file_ref idref="fl-c2"/>
      </object_component>
      <object_component id="oc-88">
         <name>.debug_info</name>
         <load_address>0xc5b3</load_address>
         <run_address>0xc5b3</run_address>
         <size>0x2c</size>
         <input_file_ref idref="fl-c2"/>
      </object_component>
      <object_component id="oc-86">
         <name>.debug_info</name>
         <load_address>0xc5df</load_address>
         <run_address>0xc5df</run_address>
         <size>0x29e</size>
         <input_file_ref idref="fl-c3"/>
      </object_component>
      <object_component id="oc-19">
         <name>.debug_info</name>
         <load_address>0xc87d</load_address>
         <run_address>0xc87d</run_address>
         <size>0x250</size>
         <input_file_ref idref="fl-c3"/>
      </object_component>
      <object_component id="oc-32">
         <name>.debug_info</name>
         <load_address>0xcacd</load_address>
         <run_address>0xcacd</run_address>
         <size>0x60</size>
         <input_file_ref idref="fl-c3"/>
      </object_component>
      <object_component id="oc-d6">
         <name>.debug_info</name>
         <load_address>0xcb2d</load_address>
         <run_address>0xcb2d</run_address>
         <size>0x46</size>
         <input_file_ref idref="fl-c3"/>
      </object_component>
      <object_component id="oc-81">
         <name>.debug_info</name>
         <load_address>0xcb73</load_address>
         <run_address>0xcb73</run_address>
         <size>0x39</size>
         <input_file_ref idref="fl-c3"/>
      </object_component>
      <object_component id="oc-7d">
         <name>.debug_info</name>
         <load_address>0xcbac</load_address>
         <run_address>0xcbac</run_address>
         <size>0x3b2</size>
         <input_file_ref idref="fl-c4"/>
      </object_component>
      <object_component id="oc-2c">
         <name>.debug_info</name>
         <load_address>0xcf5e</load_address>
         <run_address>0xcf5e</run_address>
         <size>0x10c</size>
         <input_file_ref idref="fl-c4"/>
      </object_component>
      <object_component id="oc-178">
         <name>.debug_info</name>
         <load_address>0xd06a</load_address>
         <run_address>0xd06a</run_address>
         <size>0x13f</size>
         <input_file_ref idref="fl-c4"/>
      </object_component>
      <object_component id="oc-163">
         <name>.debug_info</name>
         <load_address>0xd1a9</load_address>
         <run_address>0xd1a9</run_address>
         <size>0x18e</size>
         <input_file_ref idref="fl-c4"/>
      </object_component>
      <object_component id="oc-169">
         <name>.debug_info</name>
         <load_address>0xd337</load_address>
         <run_address>0xd337</run_address>
         <size>0x19f</size>
         <input_file_ref idref="fl-c4"/>
      </object_component>
      <object_component id="oc-16f">
         <name>.debug_info</name>
         <load_address>0xd4d6</load_address>
         <run_address>0xd4d6</run_address>
         <size>0x1db</size>
         <input_file_ref idref="fl-c4"/>
      </object_component>
      <object_component id="oc-fa">
         <name>.debug_info</name>
         <load_address>0xd6b1</load_address>
         <run_address>0xd6b1</run_address>
         <size>0x299</size>
         <input_file_ref idref="fl-c4"/>
      </object_component>
      <object_component id="oc-d1">
         <name>.debug_info</name>
         <load_address>0xd94a</load_address>
         <run_address>0xd94a</run_address>
         <size>0xb2</size>
         <input_file_ref idref="fl-c4"/>
      </object_component>
      <object_component id="oc-cc">
         <name>.debug_info</name>
         <load_address>0xd9fc</load_address>
         <run_address>0xd9fc</run_address>
         <size>0x2c</size>
         <input_file_ref idref="fl-c4"/>
      </object_component>
      <object_component id="oc-2f">
         <name>.debug_info</name>
         <load_address>0xda28</load_address>
         <run_address>0xda28</run_address>
         <size>0x10b</size>
         <input_file_ref idref="fl-c5"/>
      </object_component>
      <object_component id="oc-5b">
         <name>.debug_info</name>
         <load_address>0xdb33</load_address>
         <run_address>0xdb33</run_address>
         <size>0x1a9</size>
         <input_file_ref idref="fl-c5"/>
      </object_component>
      <object_component id="oc-3d">
         <name>.debug_info</name>
         <load_address>0xdcdc</load_address>
         <run_address>0xdcdc</run_address>
         <size>0x119</size>
         <input_file_ref idref="fl-c6"/>
      </object_component>
      <object_component id="oc-19d">
         <name>.debug_info</name>
         <load_address>0xddf5</load_address>
         <run_address>0xddf5</run_address>
         <size>0x4b3</size>
         <input_file_ref idref="fl-c8"/>
      </object_component>
      <object_component id="oc-115">
         <name>.debug_info</name>
         <load_address>0xe2a8</load_address>
         <run_address>0xe2a8</run_address>
         <size>0x1a6</size>
         <input_file_ref idref="fl-c8"/>
      </object_component>
      <object_component id="oc-1f2">
         <name>.debug_info</name>
         <load_address>0xe44e</load_address>
         <run_address>0xe44e</run_address>
         <size>0x39</size>
         <input_file_ref idref="fl-c8"/>
      </object_component>
      <object_component id="oc-208">
         <name>.debug_info</name>
         <load_address>0xe487</load_address>
         <run_address>0xe487</run_address>
         <size>0x39</size>
         <input_file_ref idref="fl-c8"/>
      </object_component>
      <object_component id="oc-1f7">
         <name>.debug_info</name>
         <load_address>0xe4c0</load_address>
         <run_address>0xe4c0</run_address>
         <size>0x39</size>
         <input_file_ref idref="fl-c8"/>
      </object_component>
      <object_component id="oc-1fc">
         <name>.debug_info</name>
         <load_address>0xe4f9</load_address>
         <run_address>0xe4f9</run_address>
         <size>0xcd</size>
         <input_file_ref idref="fl-c8"/>
      </object_component>
      <object_component id="oc-9d">
         <name>.debug_info</name>
         <load_address>0xe5c6</load_address>
         <run_address>0xe5c6</run_address>
         <size>0x153</size>
         <input_file_ref idref="fl-c9"/>
      </object_component>
      <object_component id="oc-109">
         <name>.debug_info</name>
         <load_address>0xe719</load_address>
         <run_address>0xe719</run_address>
         <size>0x122</size>
         <input_file_ref idref="fl-cb"/>
      </object_component>
      <object_component id="oc-1e8">
         <name>.debug_info</name>
         <load_address>0xe83b</load_address>
         <run_address>0xe83b</run_address>
         <size>0x2c9</size>
         <input_file_ref idref="fl-cc"/>
      </object_component>
      <object_component id="oc-175">
         <name>.debug_info</name>
         <load_address>0xeb04</load_address>
         <run_address>0xeb04</run_address>
         <size>0x11e</size>
         <input_file_ref idref="fl-cc"/>
      </object_component>
      <object_component id="oc-1e1">
         <name>.debug_info</name>
         <load_address>0xec22</load_address>
         <run_address>0xec22</run_address>
         <size>0x12e</size>
         <input_file_ref idref="fl-cc"/>
      </object_component>
      <object_component id="oc-24b">
         <name>.debug_info</name>
         <load_address>0xed50</load_address>
         <run_address>0xed50</run_address>
         <size>0xa4</size>
      </object_component>
      <object_component id="oc-180">
         <name>.debug_line</name>
         <load_address>0x0</load_address>
         <run_address>0x0</run_address>
         <size>0x18a</size>
         <input_file_ref idref="fl-1"/>
      </object_component>
      <object_component id="oc-17c">
         <name>.debug_line</name>
         <load_address>0x18a</load_address>
         <run_address>0x18a</run_address>
         <size>0x2d</size>
         <input_file_ref idref="fl-1"/>
      </object_component>
      <object_component id="oc-17e">
         <name>.debug_line</name>
         <load_address>0x1b7</load_address>
         <run_address>0x1b7</run_address>
         <size>0x2d</size>
         <input_file_ref idref="fl-1"/>
      </object_component>
      <object_component id="oc-a6">
         <name>.debug_line</name>
         <load_address>0x1e4</load_address>
         <run_address>0x1e4</run_address>
         <size>0x61</size>
         <input_file_ref idref="fl-1"/>
      </object_component>
      <object_component id="oc-184">
         <name>.debug_line</name>
         <load_address>0x245</load_address>
         <run_address>0x245</run_address>
         <size>0x66</size>
         <input_file_ref idref="fl-1"/>
      </object_component>
      <object_component id="oc-bc">
         <name>.debug_line</name>
         <load_address>0x2ab</load_address>
         <run_address>0x2ab</run_address>
         <size>0x65</size>
         <input_file_ref idref="fl-1"/>
      </object_component>
      <object_component id="oc-189">
         <name>.debug_line</name>
         <load_address>0x310</load_address>
         <run_address>0x310</run_address>
         <size>0x65</size>
         <input_file_ref idref="fl-1"/>
      </object_component>
      <object_component id="oc-18e">
         <name>.debug_line</name>
         <load_address>0x375</load_address>
         <run_address>0x375</run_address>
         <size>0x65</size>
         <input_file_ref idref="fl-1"/>
      </object_component>
      <object_component id="oc-193">
         <name>.debug_line</name>
         <load_address>0x3da</load_address>
         <run_address>0x3da</run_address>
         <size>0x75</size>
         <input_file_ref idref="fl-1"/>
      </object_component>
      <object_component id="oc-c8">
         <name>.debug_line</name>
         <load_address>0x44f</load_address>
         <run_address>0x44f</run_address>
         <size>0x79</size>
         <input_file_ref idref="fl-1"/>
      </object_component>
      <object_component id="oc-3a">
         <name>.debug_line</name>
         <load_address>0x4c8</load_address>
         <run_address>0x4c8</run_address>
         <size>0x20</size>
         <input_file_ref idref="fl-1"/>
      </object_component>
      <object_component id="oc-14b">
         <name>.debug_line</name>
         <load_address>0x4e8</load_address>
         <run_address>0x4e8</run_address>
         <size>0x7d</size>
         <input_file_ref idref="fl-1"/>
      </object_component>
      <object_component id="oc-c1">
         <name>.debug_line</name>
         <load_address>0x565</load_address>
         <run_address>0x565</run_address>
         <size>0x7a</size>
         <input_file_ref idref="fl-1"/>
      </object_component>
      <object_component id="oc-c4">
         <name>.debug_line</name>
         <load_address>0x5df</load_address>
         <run_address>0x5df</run_address>
         <size>0x85</size>
         <input_file_ref idref="fl-2"/>
      </object_component>
      <object_component id="oc-79">
         <name>.debug_line</name>
         <load_address>0x664</load_address>
         <run_address>0x664</run_address>
         <size>0x40</size>
         <input_file_ref idref="fl-2"/>
      </object_component>
      <object_component id="oc-70">
         <name>.debug_line</name>
         <load_address>0x6a4</load_address>
         <run_address>0x6a4</run_address>
         <size>0xa0</size>
         <input_file_ref idref="fl-2"/>
      </object_component>
      <object_component id="oc-204">
         <name>.debug_line</name>
         <load_address>0x744</load_address>
         <run_address>0x744</run_address>
         <size>0x20</size>
         <input_file_ref idref="fl-4"/>
      </object_component>
      <object_component id="oc-ea">
         <name>.debug_line</name>
         <load_address>0x764</load_address>
         <run_address>0x764</run_address>
         <size>0x225</size>
         <input_file_ref idref="fl-4"/>
      </object_component>
      <object_component id="oc-151">
         <name>.debug_line</name>
         <load_address>0x989</load_address>
         <run_address>0x989</run_address>
         <size>0x65</size>
         <input_file_ref idref="fl-4"/>
      </object_component>
      <object_component id="oc-f7">
         <name>.debug_line</name>
         <load_address>0x9ee</load_address>
         <run_address>0x9ee</run_address>
         <size>0x74</size>
         <input_file_ref idref="fl-5"/>
      </object_component>
      <object_component id="oc-147">
         <name>.debug_line</name>
         <load_address>0xa62</load_address>
         <run_address>0xa62</run_address>
         <size>0x3a</size>
         <input_file_ref idref="fl-7"/>
      </object_component>
      <object_component id="oc-1b7">
         <name>.debug_line</name>
         <load_address>0xa9c</load_address>
         <run_address>0xa9c</run_address>
         <size>0x52</size>
         <input_file_ref idref="fl-7"/>
      </object_component>
      <object_component id="oc-1be">
         <name>.debug_line</name>
         <load_address>0xaee</load_address>
         <run_address>0xaee</run_address>
         <size>0x52</size>
         <input_file_ref idref="fl-7"/>
      </object_component>
      <object_component id="oc-1c5">
         <name>.debug_line</name>
         <load_address>0xb40</load_address>
         <run_address>0xb40</run_address>
         <size>0x52</size>
         <input_file_ref idref="fl-7"/>
      </object_component>
      <object_component id="oc-1cc">
         <name>.debug_line</name>
         <load_address>0xb92</load_address>
         <run_address>0xb92</run_address>
         <size>0x52</size>
         <input_file_ref idref="fl-7"/>
      </object_component>
      <object_component id="oc-1d3">
         <name>.debug_line</name>
         <load_address>0xbe4</load_address>
         <run_address>0xbe4</run_address>
         <size>0x52</size>
         <input_file_ref idref="fl-7"/>
      </object_component>
      <object_component id="oc-1da">
         <name>.debug_line</name>
         <load_address>0xc36</load_address>
         <run_address>0xc36</run_address>
         <size>0x52</size>
         <input_file_ref idref="fl-7"/>
      </object_component>
      <object_component id="oc-15e">
         <name>.debug_line</name>
         <load_address>0xc88</load_address>
         <run_address>0xc88</run_address>
         <size>0x54</size>
         <input_file_ref idref="fl-7"/>
      </object_component>
      <object_component id="oc-157">
         <name>.debug_line</name>
         <load_address>0xcdc</load_address>
         <run_address>0xcdc</run_address>
         <size>0x54</size>
         <input_file_ref idref="fl-7"/>
      </object_component>
      <object_component id="oc-f0">
         <name>.debug_line</name>
         <load_address>0xd30</load_address>
         <run_address>0xd30</run_address>
         <size>0x55</size>
         <input_file_ref idref="fl-7"/>
      </object_component>
      <object_component id="oc-76">
         <name>.debug_line</name>
         <load_address>0xd85</load_address>
         <run_address>0xd85</run_address>
         <size>0x509</size>
         <input_file_ref idref="fl-7"/>
      </object_component>
      <object_component id="oc-e3">
         <name>.debug_line</name>
         <load_address>0x128e</load_address>
         <run_address>0x128e</run_address>
         <size>0x92</size>
         <input_file_ref idref="fl-c1"/>
      </object_component>
      <object_component id="oc-4c">
         <name>.debug_line</name>
         <load_address>0x1320</load_address>
         <run_address>0x1320</run_address>
         <size>0x56</size>
         <input_file_ref idref="fl-c1"/>
      </object_component>
      <object_component id="oc-93">
         <name>.debug_line</name>
         <load_address>0x1376</load_address>
         <run_address>0x1376</run_address>
         <size>0x34</size>
         <input_file_ref idref="fl-c1"/>
      </object_component>
      <object_component id="oc-e0">
         <name>.debug_line</name>
         <load_address>0x13aa</load_address>
         <run_address>0x13aa</run_address>
         <size>0x92</size>
         <input_file_ref idref="fl-c1"/>
      </object_component>
      <object_component id="oc-8e">
         <name>.debug_line</name>
         <load_address>0x143c</load_address>
         <run_address>0x143c</run_address>
         <size>0x20</size>
         <input_file_ref idref="fl-c2"/>
      </object_component>
      <object_component id="oc-22">
         <name>.debug_line</name>
         <load_address>0x145c</load_address>
         <run_address>0x145c</run_address>
         <size>0x55</size>
         <input_file_ref idref="fl-c2"/>
      </object_component>
      <object_component id="oc-45">
         <name>.debug_line</name>
         <load_address>0x14b1</load_address>
         <run_address>0x14b1</run_address>
         <size>0x3a</size>
         <input_file_ref idref="fl-c2"/>
      </object_component>
      <object_component id="oc-8b">
         <name>.debug_line</name>
         <load_address>0x14eb</load_address>
         <run_address>0x14eb</run_address>
         <size>0x92</size>
         <input_file_ref idref="fl-c2"/>
      </object_component>
      <object_component id="oc-dc">
         <name>.debug_line</name>
         <load_address>0x157d</load_address>
         <run_address>0x157d</run_address>
         <size>0x20</size>
         <input_file_ref idref="fl-c3"/>
      </object_component>
      <object_component id="oc-1c">
         <name>.debug_line</name>
         <load_address>0x159d</load_address>
         <run_address>0x159d</run_address>
         <size>0xa9</size>
         <input_file_ref idref="fl-c3"/>
      </object_component>
      <object_component id="oc-35">
         <name>.debug_line</name>
         <load_address>0x1646</load_address>
         <run_address>0x1646</run_address>
         <size>0x3a</size>
         <input_file_ref idref="fl-c3"/>
      </object_component>
      <object_component id="oc-d9">
         <name>.debug_line</name>
         <load_address>0x1680</load_address>
         <run_address>0x1680</run_address>
         <size>0x9a</size>
         <input_file_ref idref="fl-c3"/>
      </object_component>
      <object_component id="oc-84">
         <name>.debug_line</name>
         <load_address>0x171a</load_address>
         <run_address>0x171a</run_address>
         <size>0x96</size>
         <input_file_ref idref="fl-c3"/>
      </object_component>
      <object_component id="oc-cb">
         <name>.debug_line</name>
         <load_address>0x17b0</load_address>
         <run_address>0x17b0</run_address>
         <size>0x10f</size>
         <input_file_ref idref="fl-c4"/>
      </object_component>
      <object_component id="oc-7c">
         <name>.debug_line</name>
         <load_address>0x18bf</load_address>
         <run_address>0x18bf</run_address>
         <size>0x2c</size>
         <input_file_ref idref="fl-c4"/>
      </object_component>
      <object_component id="oc-1eb">
         <name>.debug_line</name>
         <load_address>0x18eb</load_address>
         <run_address>0x18eb</run_address>
         <size>0x2c</size>
         <input_file_ref idref="fl-c4"/>
      </object_component>
      <object_component id="oc-166">
         <name>.debug_line</name>
         <load_address>0x1917</load_address>
         <run_address>0x1917</run_address>
         <size>0x50</size>
         <input_file_ref idref="fl-c4"/>
      </object_component>
      <object_component id="oc-16c">
         <name>.debug_line</name>
         <load_address>0x1967</load_address>
         <run_address>0x1967</run_address>
         <size>0x55</size>
         <input_file_ref idref="fl-c4"/>
      </object_component>
      <object_component id="oc-172">
         <name>.debug_line</name>
         <load_address>0x19bc</load_address>
         <run_address>0x19bc</run_address>
         <size>0xa6</size>
         <input_file_ref idref="fl-c4"/>
      </object_component>
      <object_component id="oc-fd">
         <name>.debug_line</name>
         <load_address>0x1a62</load_address>
         <run_address>0x1a62</run_address>
         <size>0xf6</size>
         <input_file_ref idref="fl-c4"/>
      </object_component>
      <object_component id="oc-d4">
         <name>.debug_line</name>
         <load_address>0x1b58</load_address>
         <run_address>0x1b58</run_address>
         <size>0x2c</size>
         <input_file_ref idref="fl-c4"/>
      </object_component>
      <object_component id="oc-cf">
         <name>.debug_line</name>
         <load_address>0x1b84</load_address>
         <run_address>0x1b84</run_address>
         <size>0x92</size>
         <input_file_ref idref="fl-c4"/>
      </object_component>
      <object_component id="oc-80">
         <name>.debug_line</name>
         <load_address>0x1c16</load_address>
         <run_address>0x1c16</run_address>
         <size>0x33</size>
         <input_file_ref idref="fl-c5"/>
      </object_component>
      <object_component id="oc-5e">
         <name>.debug_line</name>
         <load_address>0x1c49</load_address>
         <run_address>0x1c49</run_address>
         <size>0x45</size>
         <input_file_ref idref="fl-c5"/>
      </object_component>
      <object_component id="oc-40">
         <name>.debug_line</name>
         <load_address>0x1c8e</load_address>
         <run_address>0x1c8e</run_address>
         <size>0x88</size>
         <input_file_ref idref="fl-c6"/>
      </object_component>
      <object_component id="oc-1f1">
         <name>.debug_line</name>
         <load_address>0x1d16</load_address>
         <run_address>0x1d16</run_address>
         <size>0xbf</size>
         <input_file_ref idref="fl-c8"/>
      </object_component>
      <object_component id="oc-118">
         <name>.debug_line</name>
         <load_address>0x1dd5</load_address>
         <run_address>0x1dd5</run_address>
         <size>0x6f</size>
         <input_file_ref idref="fl-c8"/>
      </object_component>
      <object_component id="oc-1f5">
         <name>.debug_line</name>
         <load_address>0x1e44</load_address>
         <run_address>0x1e44</run_address>
         <size>0x2e</size>
         <input_file_ref idref="fl-c8"/>
      </object_component>
      <object_component id="oc-20b">
         <name>.debug_line</name>
         <load_address>0x1e72</load_address>
         <run_address>0x1e72</run_address>
         <size>0x9a</size>
         <input_file_ref idref="fl-c8"/>
      </object_component>
      <object_component id="oc-1fa">
         <name>.debug_line</name>
         <load_address>0x1f0c</load_address>
         <run_address>0x1f0c</run_address>
         <size>0x97</size>
         <input_file_ref idref="fl-c8"/>
      </object_component>
      <object_component id="oc-1ff">
         <name>.debug_line</name>
         <load_address>0x1fa3</load_address>
         <run_address>0x1fa3</run_address>
         <size>0x93</size>
         <input_file_ref idref="fl-c8"/>
      </object_component>
      <object_component id="oc-a0">
         <name>.debug_line</name>
         <load_address>0x2036</load_address>
         <run_address>0x2036</run_address>
         <size>0x40</size>
         <input_file_ref idref="fl-c9"/>
      </object_component>
      <object_component id="oc-10c">
         <name>.debug_line</name>
         <load_address>0x2076</load_address>
         <run_address>0x2076</run_address>
         <size>0x3c</size>
         <input_file_ref idref="fl-cb"/>
      </object_component>
      <object_component id="oc-207">
         <name>.debug_line</name>
         <load_address>0x20b2</load_address>
         <run_address>0x20b2</run_address>
         <size>0x20</size>
         <input_file_ref idref="fl-cc"/>
      </object_component>
      <object_component id="oc-1e7">
         <name>.debug_line</name>
         <load_address>0x20d2</load_address>
         <run_address>0x20d2</run_address>
         <size>0x2b</size>
         <input_file_ref idref="fl-cc"/>
      </object_component>
      <object_component id="oc-1e4">
         <name>.debug_line</name>
         <load_address>0x20fd</load_address>
         <run_address>0x20fd</run_address>
         <size>0x3a</size>
         <input_file_ref idref="fl-cc"/>
      </object_component>
      <object_component id="oc-a7">
         <name>.debug_frame</name>
         <load_address>0x0</load_address>
         <run_address>0x0</run_address>
         <size>0x5c</size>
         <input_file_ref idref="fl-1"/>
      </object_component>
      <object_component id="oc-71">
         <name>.debug_frame</name>
         <load_address>0x5c</load_address>
         <run_address>0x5c</run_address>
         <size>0x90</size>
         <input_file_ref idref="fl-2"/>
      </object_component>
      <object_component id="oc-eb">
         <name>.debug_frame</name>
         <load_address>0xec</load_address>
         <run_address>0xec</run_address>
         <size>0x190</size>
         <input_file_ref idref="fl-4"/>
      </object_component>
      <object_component id="oc-f8">
         <name>.debug_frame</name>
         <load_address>0x27c</load_address>
         <run_address>0x27c</run_address>
         <size>0x58</size>
         <input_file_ref idref="fl-5"/>
      </object_component>
      <object_component id="oc-1b8">
         <name>.debug_frame</name>
         <load_address>0x2d4</load_address>
         <run_address>0x2d4</run_address>
         <size>0x54</size>
         <input_file_ref idref="fl-7"/>
      </object_component>
      <object_component id="oc-1bf">
         <name>.debug_frame</name>
         <load_address>0x328</load_address>
         <run_address>0x328</run_address>
         <size>0x54</size>
         <input_file_ref idref="fl-7"/>
      </object_component>
      <object_component id="oc-1c6">
         <name>.debug_frame</name>
         <load_address>0x37c</load_address>
         <run_address>0x37c</run_address>
         <size>0x54</size>
         <input_file_ref idref="fl-7"/>
      </object_component>
      <object_component id="oc-1cd">
         <name>.debug_frame</name>
         <load_address>0x3d0</load_address>
         <run_address>0x3d0</run_address>
         <size>0x54</size>
         <input_file_ref idref="fl-7"/>
      </object_component>
      <object_component id="oc-1d4">
         <name>.debug_frame</name>
         <load_address>0x424</load_address>
         <run_address>0x424</run_address>
         <size>0x54</size>
         <input_file_ref idref="fl-7"/>
      </object_component>
      <object_component id="oc-1db">
         <name>.debug_frame</name>
         <load_address>0x478</load_address>
         <run_address>0x478</run_address>
         <size>0x54</size>
         <input_file_ref idref="fl-7"/>
      </object_component>
      <object_component id="oc-15f">
         <name>.debug_frame</name>
         <load_address>0x4cc</load_address>
         <run_address>0x4cc</run_address>
         <size>0x58</size>
         <input_file_ref idref="fl-7"/>
      </object_component>
      <object_component id="oc-158">
         <name>.debug_frame</name>
         <load_address>0x524</load_address>
         <run_address>0x524</run_address>
         <size>0x58</size>
         <input_file_ref idref="fl-7"/>
      </object_component>
      <object_component id="oc-f1">
         <name>.debug_frame</name>
         <load_address>0x57c</load_address>
         <run_address>0x57c</run_address>
         <size>0x58</size>
         <input_file_ref idref="fl-7"/>
      </object_component>
      <object_component id="oc-77">
         <name>.debug_frame</name>
         <load_address>0x5d4</load_address>
         <run_address>0x5d4</run_address>
         <size>0x33c</size>
         <input_file_ref idref="fl-7"/>
      </object_component>
      <object_component id="oc-4d">
         <name>.debug_frame</name>
         <load_address>0x910</load_address>
         <run_address>0x910</run_address>
         <size>0x54</size>
         <input_file_ref idref="fl-c1"/>
      </object_component>
      <object_component id="oc-23">
         <name>.debug_frame</name>
         <load_address>0x964</load_address>
         <run_address>0x964</run_address>
         <size>0x54</size>
         <input_file_ref idref="fl-c2"/>
      </object_component>
      <object_component id="oc-1d">
         <name>.debug_frame</name>
         <load_address>0x9b8</load_address>
         <run_address>0x9b8</run_address>
         <size>0x60</size>
         <input_file_ref idref="fl-c3"/>
      </object_component>
      <object_component id="oc-167">
         <name>.debug_frame</name>
         <load_address>0xa18</load_address>
         <run_address>0xa18</run_address>
         <size>0x54</size>
         <input_file_ref idref="fl-c4"/>
      </object_component>
      <object_component id="oc-16d">
         <name>.debug_frame</name>
         <load_address>0xa6c</load_address>
         <run_address>0xa6c</run_address>
         <size>0x58</size>
         <input_file_ref idref="fl-c4"/>
      </object_component>
      <object_component id="oc-173">
         <name>.debug_frame</name>
         <load_address>0xac4</load_address>
         <run_address>0xac4</run_address>
         <size>0x60</size>
         <input_file_ref idref="fl-c4"/>
      </object_component>
      <object_component id="oc-fe">
         <name>.debug_frame</name>
         <load_address>0xb24</load_address>
         <run_address>0xb24</run_address>
         <size>0x68</size>
         <input_file_ref idref="fl-c4"/>
      </object_component>
      <object_component id="oc-5f">
         <name>.debug_frame</name>
         <load_address>0xb8c</load_address>
         <run_address>0xb8c</run_address>
         <size>0x50</size>
         <input_file_ref idref="fl-c5"/>
      </object_component>
      <object_component id="oc-119">
         <name>.debug_frame</name>
         <load_address>0xbdc</load_address>
         <run_address>0xbdc</run_address>
         <size>0x5c</size>
         <input_file_ref idref="fl-c8"/>
      </object_component>
      <object_component id="oc-a1">
         <name>.debug_frame</name>
         <load_address>0xc38</load_address>
         <run_address>0xc38</run_address>
         <size>0x54</size>
         <input_file_ref idref="fl-c9"/>
      </object_component>
      <object_component id="oc-10d">
         <name>.debug_frame</name>
         <load_address>0xc8c</load_address>
         <run_address>0xc8c</run_address>
         <size>0x54</size>
         <input_file_ref idref="fl-cb"/>
      </object_component>
      <object_component id="oc-1e5">
         <name>.debug_frame</name>
         <load_address>0xce0</load_address>
         <run_address>0xce0</run_address>
         <size>0x54</size>
         <input_file_ref idref="fl-cc"/>
      </object_component>
      <object_component id="oc-17f">
         <name>.debug_abbrev</name>
         <load_address>0x0</load_address>
         <run_address>0x0</run_address>
         <size>0xe9</size>
         <input_file_ref idref="fl-1"/>
      </object_component>
      <object_component id="oc-17b">
         <name>.debug_abbrev</name>
         <load_address>0xe9</load_address>
         <run_address>0xe9</run_address>
         <size>0x29</size>
         <input_file_ref idref="fl-1"/>
      </object_component>
      <object_component id="oc-17d">
         <name>.debug_abbrev</name>
         <load_address>0x112</load_address>
         <run_address>0x112</run_address>
         <size>0x29</size>
         <input_file_ref idref="fl-1"/>
      </object_component>
      <object_component id="oc-105">
         <name>.debug_abbrev</name>
         <load_address>0x13b</load_address>
         <run_address>0x13b</run_address>
         <size>0x60</size>
         <input_file_ref idref="fl-1"/>
      </object_component>
      <object_component id="oc-183">
         <name>.debug_abbrev</name>
         <load_address>0x19b</load_address>
         <run_address>0x19b</run_address>
         <size>0x12d</size>
         <input_file_ref idref="fl-1"/>
      </object_component>
      <object_component id="oc-bb">
         <name>.debug_abbrev</name>
         <load_address>0x2c8</load_address>
         <run_address>0x2c8</run_address>
         <size>0x10f</size>
         <input_file_ref idref="fl-1"/>
      </object_component>
      <object_component id="oc-188">
         <name>.debug_abbrev</name>
         <load_address>0x3d7</load_address>
         <run_address>0x3d7</run_address>
         <size>0xc6</size>
         <input_file_ref idref="fl-1"/>
      </object_component>
      <object_component id="oc-18d">
         <name>.debug_abbrev</name>
         <load_address>0x49d</load_address>
         <run_address>0x49d</run_address>
         <size>0xb7</size>
         <input_file_ref idref="fl-1"/>
      </object_component>
      <object_component id="oc-192">
         <name>.debug_abbrev</name>
         <load_address>0x554</load_address>
         <run_address>0x554</run_address>
         <size>0x5a</size>
         <input_file_ref idref="fl-1"/>
      </object_component>
      <object_component id="oc-c7">
         <name>.debug_abbrev</name>
         <load_address>0x5ae</load_address>
         <run_address>0x5ae</run_address>
         <size>0x69</size>
         <input_file_ref idref="fl-1"/>
      </object_component>
      <object_component id="oc-39">
         <name>.debug_abbrev</name>
         <load_address>0x617</load_address>
         <run_address>0x617</run_address>
         <size>0x1f</size>
         <input_file_ref idref="fl-1"/>
      </object_component>
      <object_component id="oc-14a">
         <name>.debug_abbrev</name>
         <load_address>0x636</load_address>
         <run_address>0x636</run_address>
         <size>0x5c</size>
         <input_file_ref idref="fl-1"/>
      </object_component>
      <object_component id="oc-c0">
         <name>.debug_abbrev</name>
         <load_address>0x692</load_address>
         <run_address>0x692</run_address>
         <size>0x24</size>
         <input_file_ref idref="fl-1"/>
      </object_component>
      <object_component id="oc-c3">
         <name>.debug_abbrev</name>
         <load_address>0x6b6</load_address>
         <run_address>0x6b6</run_address>
         <size>0xa5</size>
         <input_file_ref idref="fl-2"/>
      </object_component>
      <object_component id="oc-78">
         <name>.debug_abbrev</name>
         <load_address>0x75b</load_address>
         <run_address>0x75b</run_address>
         <size>0x29</size>
         <input_file_ref idref="fl-2"/>
      </object_component>
      <object_component id="oc-b4">
         <name>.debug_abbrev</name>
         <load_address>0x784</load_address>
         <run_address>0x784</run_address>
         <size>0x79</size>
         <input_file_ref idref="fl-2"/>
      </object_component>
      <object_component id="oc-203">
         <name>.debug_abbrev</name>
         <load_address>0x7fd</load_address>
         <run_address>0x7fd</run_address>
         <size>0x49</size>
         <input_file_ref idref="fl-4"/>
      </object_component>
      <object_component id="oc-14d">
         <name>.debug_abbrev</name>
         <load_address>0x846</load_address>
         <run_address>0x846</run_address>
         <size>0xa9</size>
         <input_file_ref idref="fl-4"/>
      </object_component>
      <object_component id="oc-150">
         <name>.debug_abbrev</name>
         <load_address>0x8ef</load_address>
         <run_address>0x8ef</run_address>
         <size>0xc6</size>
         <input_file_ref idref="fl-4"/>
      </object_component>
      <object_component id="oc-161">
         <name>.debug_abbrev</name>
         <load_address>0x9b5</load_address>
         <run_address>0x9b5</run_address>
         <size>0x5e</size>
         <input_file_ref idref="fl-5"/>
      </object_component>
      <object_component id="oc-146">
         <name>.debug_abbrev</name>
         <load_address>0xa13</load_address>
         <run_address>0xa13</run_address>
         <size>0x87</size>
         <input_file_ref idref="fl-7"/>
      </object_component>
      <object_component id="oc-1b6">
         <name>.debug_abbrev</name>
         <load_address>0xa9a</load_address>
         <run_address>0xa9a</run_address>
         <size>0x50</size>
         <input_file_ref idref="fl-7"/>
      </object_component>
      <object_component id="oc-1bd">
         <name>.debug_abbrev</name>
         <load_address>0xaea</load_address>
         <run_address>0xaea</run_address>
         <size>0x50</size>
         <input_file_ref idref="fl-7"/>
      </object_component>
      <object_component id="oc-1c4">
         <name>.debug_abbrev</name>
         <load_address>0xb3a</load_address>
         <run_address>0xb3a</run_address>
         <size>0x50</size>
         <input_file_ref idref="fl-7"/>
      </object_component>
      <object_component id="oc-1cb">
         <name>.debug_abbrev</name>
         <load_address>0xb8a</load_address>
         <run_address>0xb8a</run_address>
         <size>0x50</size>
         <input_file_ref idref="fl-7"/>
      </object_component>
      <object_component id="oc-1d2">
         <name>.debug_abbrev</name>
         <load_address>0xbda</load_address>
         <run_address>0xbda</run_address>
         <size>0x50</size>
         <input_file_ref idref="fl-7"/>
      </object_component>
      <object_component id="oc-1d9">
         <name>.debug_abbrev</name>
         <load_address>0xc2a</load_address>
         <run_address>0xc2a</run_address>
         <size>0x50</size>
         <input_file_ref idref="fl-7"/>
      </object_component>
      <object_component id="oc-15d">
         <name>.debug_abbrev</name>
         <load_address>0xc7a</load_address>
         <run_address>0xc7a</run_address>
         <size>0x5e</size>
         <input_file_ref idref="fl-7"/>
      </object_component>
      <object_component id="oc-156">
         <name>.debug_abbrev</name>
         <load_address>0xcd8</load_address>
         <run_address>0xcd8</run_address>
         <size>0x5e</size>
         <input_file_ref idref="fl-7"/>
      </object_component>
      <object_component id="oc-ef">
         <name>.debug_abbrev</name>
         <load_address>0xd36</load_address>
         <run_address>0xd36</run_address>
         <size>0x5e</size>
         <input_file_ref idref="fl-7"/>
      </object_component>
      <object_component id="oc-b8">
         <name>.debug_abbrev</name>
         <load_address>0xd94</load_address>
         <run_address>0xd94</run_address>
         <size>0x124</size>
         <input_file_ref idref="fl-7"/>
      </object_component>
      <object_component id="oc-e2">
         <name>.debug_abbrev</name>
         <load_address>0xeb8</load_address>
         <run_address>0xeb8</run_address>
         <size>0x5d</size>
         <input_file_ref idref="fl-c1"/>
      </object_component>
      <object_component id="oc-8f">
         <name>.debug_abbrev</name>
         <load_address>0xf15</load_address>
         <run_address>0xf15</run_address>
         <size>0x6f</size>
         <input_file_ref idref="fl-c1"/>
      </object_component>
      <object_component id="oc-92">
         <name>.debug_abbrev</name>
         <load_address>0xf84</load_address>
         <run_address>0xf84</run_address>
         <size>0x24</size>
         <input_file_ref idref="fl-c1"/>
      </object_component>
      <object_component id="oc-df">
         <name>.debug_abbrev</name>
         <load_address>0xfa8</load_address>
         <run_address>0xfa8</run_address>
         <size>0x24</size>
         <input_file_ref idref="fl-c1"/>
      </object_component>
      <object_component id="oc-8d">
         <name>.debug_abbrev</name>
         <load_address>0xfcc</load_address>
         <run_address>0xfcc</run_address>
         <size>0x37</size>
         <input_file_ref idref="fl-c2"/>
      </object_component>
      <object_component id="oc-41">
         <name>.debug_abbrev</name>
         <load_address>0x1003</load_address>
         <run_address>0x1003</run_address>
         <size>0x74</size>
         <input_file_ref idref="fl-c2"/>
      </object_component>
      <object_component id="oc-44">
         <name>.debug_abbrev</name>
         <load_address>0x1077</load_address>
         <run_address>0x1077</run_address>
         <size>0x24</size>
         <input_file_ref idref="fl-c2"/>
      </object_component>
      <object_component id="oc-8a">
         <name>.debug_abbrev</name>
         <load_address>0x109b</load_address>
         <run_address>0x109b</run_address>
         <size>0x24</size>
         <input_file_ref idref="fl-c2"/>
      </object_component>
      <object_component id="oc-db">
         <name>.debug_abbrev</name>
         <load_address>0x10bf</load_address>
         <run_address>0x10bf</run_address>
         <size>0x37</size>
         <input_file_ref idref="fl-c3"/>
      </object_component>
      <object_component id="oc-31">
         <name>.debug_abbrev</name>
         <load_address>0x10f6</load_address>
         <run_address>0x10f6</run_address>
         <size>0x6f</size>
         <input_file_ref idref="fl-c3"/>
      </object_component>
      <object_component id="oc-34">
         <name>.debug_abbrev</name>
         <load_address>0x1165</load_address>
         <run_address>0x1165</run_address>
         <size>0x24</size>
         <input_file_ref idref="fl-c3"/>
      </object_component>
      <object_component id="oc-d8">
         <name>.debug_abbrev</name>
         <load_address>0x1189</load_address>
         <run_address>0x1189</run_address>
         <size>0x35</size>
         <input_file_ref idref="fl-c3"/>
      </object_component>
      <object_component id="oc-83">
         <name>.debug_abbrev</name>
         <load_address>0x11be</load_address>
         <run_address>0x11be</run_address>
         <size>0x24</size>
         <input_file_ref idref="fl-c3"/>
      </object_component>
      <object_component id="oc-ca">
         <name>.debug_abbrev</name>
         <load_address>0x11e2</load_address>
         <run_address>0x11e2</run_address>
         <size>0xd6</size>
         <input_file_ref idref="fl-c4"/>
      </object_component>
      <object_component id="oc-7b">
         <name>.debug_abbrev</name>
         <load_address>0x12b8</load_address>
         <run_address>0x12b8</run_address>
         <size>0x29</size>
         <input_file_ref idref="fl-c4"/>
      </object_component>
      <object_component id="oc-1ea">
         <name>.debug_abbrev</name>
         <load_address>0x12e1</load_address>
         <run_address>0x12e1</run_address>
         <size>0x27</size>
         <input_file_ref idref="fl-c4"/>
      </object_component>
      <object_component id="oc-1dd">
         <name>.debug_abbrev</name>
         <load_address>0x1308</load_address>
         <run_address>0x1308</run_address>
         <size>0x6d</size>
         <input_file_ref idref="fl-c4"/>
      </object_component>
      <object_component id="oc-1de">
         <name>.debug_abbrev</name>
         <load_address>0x1375</load_address>
         <run_address>0x1375</run_address>
         <size>0x6d</size>
         <input_file_ref idref="fl-c4"/>
      </object_component>
      <object_component id="oc-1df">
         <name>.debug_abbrev</name>
         <load_address>0x13e2</load_address>
         <run_address>0x13e2</run_address>
         <size>0x7b</size>
         <input_file_ref idref="fl-c4"/>
      </object_component>
      <object_component id="oc-17a">
         <name>.debug_abbrev</name>
         <load_address>0x145d</load_address>
         <run_address>0x145d</run_address>
         <size>0x8e</size>
         <input_file_ref idref="fl-c4"/>
      </object_component>
      <object_component id="oc-d3">
         <name>.debug_abbrev</name>
         <load_address>0x14eb</load_address>
         <run_address>0x14eb</run_address>
         <size>0x7f</size>
         <input_file_ref idref="fl-c4"/>
      </object_component>
      <object_component id="oc-ce">
         <name>.debug_abbrev</name>
         <load_address>0x156a</load_address>
         <run_address>0x156a</run_address>
         <size>0x24</size>
         <input_file_ref idref="fl-c4"/>
      </object_component>
      <object_component id="oc-7f">
         <name>.debug_abbrev</name>
         <load_address>0x158e</load_address>
         <run_address>0x158e</run_address>
         <size>0x29</size>
         <input_file_ref idref="fl-c5"/>
      </object_component>
      <object_component id="oc-ab">
         <name>.debug_abbrev</name>
         <load_address>0x15b7</load_address>
         <run_address>0x15b7</run_address>
         <size>0x55</size>
         <input_file_ref idref="fl-c5"/>
      </object_component>
      <object_component id="oc-87">
         <name>.debug_abbrev</name>
         <load_address>0x160c</load_address>
         <run_address>0x160c</run_address>
         <size>0x3e</size>
         <input_file_ref idref="fl-c6"/>
      </object_component>
      <object_component id="oc-1f0">
         <name>.debug_abbrev</name>
         <load_address>0x164a</load_address>
         <run_address>0x164a</run_address>
         <size>0xc0</size>
         <input_file_ref idref="fl-c8"/>
      </object_component>
      <object_component id="oc-19c">
         <name>.debug_abbrev</name>
         <load_address>0x170a</load_address>
         <run_address>0x170a</run_address>
         <size>0x7e</size>
         <input_file_ref idref="fl-c8"/>
      </object_component>
      <object_component id="oc-1f4">
         <name>.debug_abbrev</name>
         <load_address>0x1788</load_address>
         <run_address>0x1788</run_address>
         <size>0x24</size>
         <input_file_ref idref="fl-c8"/>
      </object_component>
      <object_component id="oc-20a">
         <name>.debug_abbrev</name>
         <load_address>0x17ac</load_address>
         <run_address>0x17ac</run_address>
         <size>0x24</size>
         <input_file_ref idref="fl-c8"/>
      </object_component>
      <object_component id="oc-1f9">
         <name>.debug_abbrev</name>
         <load_address>0x17d0</load_address>
         <run_address>0x17d0</run_address>
         <size>0x24</size>
         <input_file_ref idref="fl-c8"/>
      </object_component>
      <object_component id="oc-1fe">
         <name>.debug_abbrev</name>
         <load_address>0x17f4</load_address>
         <run_address>0x17f4</run_address>
         <size>0x4b</size>
         <input_file_ref idref="fl-c8"/>
      </object_component>
      <object_component id="oc-e5">
         <name>.debug_abbrev</name>
         <load_address>0x183f</load_address>
         <run_address>0x183f</run_address>
         <size>0x55</size>
         <input_file_ref idref="fl-c9"/>
      </object_component>
      <object_component id="oc-195">
         <name>.debug_abbrev</name>
         <load_address>0x1894</load_address>
         <run_address>0x1894</run_address>
         <size>0x45</size>
         <input_file_ref idref="fl-cb"/>
      </object_component>
      <object_component id="oc-206">
         <name>.debug_abbrev</name>
         <load_address>0x18d9</load_address>
         <run_address>0x18d9</run_address>
         <size>0x50</size>
         <input_file_ref idref="fl-cc"/>
      </object_component>
      <object_component id="oc-1e6">
         <name>.debug_abbrev</name>
         <load_address>0x1929</load_address>
         <run_address>0x1929</run_address>
         <size>0x29</size>
         <input_file_ref idref="fl-cc"/>
      </object_component>
      <object_component id="oc-205">
         <name>.debug_abbrev</name>
         <load_address>0x1952</load_address>
         <run_address>0x1952</run_address>
         <size>0x53</size>
         <input_file_ref idref="fl-cc"/>
      </object_component>
      <object_component id="oc-24c">
         <name>.debug_abbrev</name>
         <load_address>0x19a5</load_address>
         <run_address>0x19a5</run_address>
         <size>0xf</size>
      </object_component>
      <object_component id="oc-185">
         <name>.debug_str</name>
         <load_address>0x0</load_address>
         <run_address>0x0</run_address>
         <size>0x19ca</size>
         <input_file_ref idref="fl-1"/>
      </object_component>
      <object_component id="oc-bd">
         <name>.debug_str</name>
         <load_address>0x19ca</load_address>
         <run_address>0x19ca</run_address>
         <size>0x15d5</size>
         <input_file_ref idref="fl-1"/>
      </object_component>
      <object_component id="oc-18a">
         <name>.debug_str</name>
         <load_address>0x2f9f</load_address>
         <run_address>0x2f9f</run_address>
         <size>0x5d9</size>
         <input_file_ref idref="fl-1"/>
      </object_component>
      <object_component id="oc-18f">
         <name>.debug_str</name>
         <load_address>0x3578</load_address>
         <run_address>0x3578</run_address>
         <size>0x30e</size>
         <input_file_ref idref="fl-1"/>
      </object_component>
      <object_component id="oc-194">
         <name>.debug_str</name>
         <load_address>0x3886</load_address>
         <run_address>0x3886</run_address>
         <size>0x135</size>
         <input_file_ref idref="fl-1"/>
      </object_component>
      <object_component id="oc-c9">
         <name>.debug_str</name>
         <load_address>0x39bb</load_address>
         <run_address>0x39bb</run_address>
         <size>0x2bf</size>
         <input_file_ref idref="fl-1"/>
      </object_component>
      <object_component id="oc-3b">
         <name>.debug_str</name>
         <load_address>0x3c7a</load_address>
         <run_address>0x3c7a</run_address>
         <size>0xff</size>
         <input_file_ref idref="fl-1"/>
      </object_component>
      <object_component id="oc-14c">
         <name>.debug_str</name>
         <load_address>0x3d79</load_address>
         <run_address>0x3d79</run_address>
         <size>0x34e</size>
         <input_file_ref idref="fl-1"/>
      </object_component>
      <object_component id="oc-c2">
         <name>.debug_str</name>
         <load_address>0x40c7</load_address>
         <run_address>0x40c7</run_address>
         <size>0x157</size>
         <input_file_ref idref="fl-1"/>
      </object_component>
      <object_component id="oc-152">
         <name>.debug_str</name>
         <load_address>0x421e</load_address>
         <run_address>0x421e</run_address>
         <size>0x5d3</size>
         <input_file_ref idref="fl-4"/>
      </object_component>
      <object_component id="oc-94">
         <name>.debug_str</name>
         <load_address>0x47f1</load_address>
         <run_address>0x47f1</run_address>
         <size>0x105</size>
         <input_file_ref idref="fl-c1"/>
      </object_component>
      <object_component id="oc-e1">
         <name>.debug_str</name>
         <load_address>0x48f6</load_address>
         <run_address>0x48f6</run_address>
         <size>0x140</size>
         <input_file_ref idref="fl-c1"/>
      </object_component>
      <object_component id="oc-46">
         <name>.debug_str</name>
         <load_address>0x4a36</load_address>
         <run_address>0x4a36</run_address>
         <size>0x10b</size>
         <input_file_ref idref="fl-c2"/>
      </object_component>
      <object_component id="oc-8c">
         <name>.debug_str</name>
         <load_address>0x4b41</load_address>
         <run_address>0x4b41</run_address>
         <size>0x140</size>
         <input_file_ref idref="fl-c2"/>
      </object_component>
      <object_component id="oc-36">
         <name>.debug_str</name>
         <load_address>0x4c81</load_address>
         <run_address>0x4c81</run_address>
         <size>0x118</size>
         <input_file_ref idref="fl-c3"/>
      </object_component>
      <object_component id="oc-da">
         <name>.debug_str</name>
         <load_address>0x4d99</load_address>
         <run_address>0x4d99</run_address>
         <size>0x16b</size>
         <input_file_ref idref="fl-c3"/>
      </object_component>
      <object_component id="oc-85">
         <name>.debug_str</name>
         <load_address>0x4f04</load_address>
         <run_address>0x4f04</run_address>
         <size>0x158</size>
         <input_file_ref idref="fl-c3"/>
      </object_component>
      <object_component id="oc-d5">
         <name>.debug_str</name>
         <load_address>0x505c</load_address>
         <run_address>0x505c</run_address>
         <size>0x10a</size>
         <input_file_ref idref="fl-c4"/>
      </object_component>
      <object_component id="oc-d0">
         <name>.debug_str</name>
         <load_address>0x5166</load_address>
         <run_address>0x5166</run_address>
         <size>0x140</size>
         <input_file_ref idref="fl-c4"/>
      </object_component>
      <object_component id="oc-1f6">
         <name>.debug_str</name>
         <load_address>0x52a6</load_address>
         <run_address>0x52a6</run_address>
         <size>0xed</size>
         <input_file_ref idref="fl-c8"/>
      </object_component>
      <object_component id="oc-20c">
         <name>.debug_str</name>
         <load_address>0x5393</load_address>
         <run_address>0x5393</run_address>
         <size>0x157</size>
         <input_file_ref idref="fl-c8"/>
      </object_component>
      <object_component id="oc-1fb">
         <name>.debug_str</name>
         <load_address>0x54ea</load_address>
         <run_address>0x54ea</run_address>
         <size>0x150</size>
         <input_file_ref idref="fl-c8"/>
      </object_component>
      <object_component id="oc-200">
         <name>.debug_str</name>
         <load_address>0x563a</load_address>
         <run_address>0x563a</run_address>
         <size>0x197</size>
         <input_file_ref idref="fl-c8"/>
      </object_component>
      <object_component id="oc-a4">
         <name>.debug_aranges</name>
         <load_address>0x0</load_address>
         <run_address>0x0</run_address>
         <size>0x20</size>
         <input_file_ref idref="fl-1"/>
      </object_component>
      <object_component id="oc-6e">
         <name>.debug_aranges</name>
         <load_address>0x20</load_address>
         <run_address>0x20</run_address>
         <size>0x38</size>
         <input_file_ref idref="fl-2"/>
      </object_component>
      <object_component id="oc-e8">
         <name>.debug_aranges</name>
         <load_address>0x58</load_address>
[...]
         <name>__start___llvm_prf_cnts</name>
         <value>0x20000400</value>
      </symbol>
      <symbol id="sm-4">
         <name>__stop___llvm_prf_cnts</name>
         <value>0x20000400</value>
      </symbol>
      <symbol id="sm-5">
         <name>__TI_CINIT_Base</name>
         <value>0x10030</value>
      </symbol>
      <symbol id="sm-6">
         <name>__TI_CINIT_Limit</name>
         <value>0x10040</value>
      </symbol>
      <symbol id="sm-7">
         <name>__TI_Handler_Table_Base</name>
         <value>0x10018</value>
      </symbol>
      <symbol id="sm-8">
         <name>__TI_Handler_Table_Limit</name>
         <value>0x10024</value>
      </symbol>
      <symbol id="sm-9">
         <name>binit</name>
         <value>0xffffffff</value>
      </symbol>
      <symbol id="sm-a">
         <name>__binit__</name>
         <value>0xffffffff</value>
      </symbol>
      <symbol id="sm-b">
         <name>__STACK_SIZE</name>
         <value>0x200</value>
      </symbol>
      <symbol id="sm-c">
         <name>__STACK_END</name>
         <value>0x20010000</value>
      </symbol>
      <symbol id="sm-d">
         <name>__SYSMEM_SIZE</name>
         <value>0xe00</value>
      </symbol>
      <symbol id="sm-e">
         <name>__c_args__</name>
         <value>0xffffffff</value>
      </symbol>
      <symbol id="sm-f">
         <name>__TI_pprof_out_hndl</name>
         <value>0xffffffff</value>
      </symbol>
      <symbol id="sm-10">
         <name>__TI_prof_data_start</name>
         <value>0xffffffff</value>
      </symbol>
      <symbol id="sm-11">
         <name>__TI_prof_data_size</name>
         <value>0xffffffff</value>
      </symbol>
      <symbol id="sm-7c">
         <name>main</name>
         <value>0xe35</value>
         <object_component_ref idref="oc-a2"/>
      </symbol>
      <symbol id="sm-7d">
         <name>Variable1</name>
         <value>0x20000430</value>
         <object_component_ref idref="oc-ff"/>
      </symbol>
      <symbol id="sm-7e">
         <name>Variable2</name>
         <value>0x10000</value>
         <object_component_ref idref="oc-102"/>
      </symbol>
      <symbol id="sm-99">
         <name>ResetISR</name>
         <value>0x1017</value>
         <object_component_ref idref="oc-6c"/>
      </symbol>
      <symbol id="sm-9a">
         <name>IntDefaultHandler</name>
         <value>0x101d</value>
         <object_component_ref idref="oc-6c"/>
      </symbol>
      <symbol id="sm-9b">
         <name>interruptVectors</name>
         <value>0x0</value>
         <object_component_ref idref="oc-28"/>
      </symbol>
      <symbol id="sm-c0">
         <name>FPU__enGetLazyPreservationStatus</name>
         <value>0x931</value>
         <object_component_ref idref="oc-e6"/>
      </symbol>
      <symbol id="sm-c1">
         <name>FPU__vInit</name>
         <value>0xae5</value>
         <object_component_ref idref="oc-e6"/>
      </symbol>
      <symbol id="sm-c2">
         <name>FPU__vSetNAN</name>
         <value>0xa4f</value>
         <object_component_ref idref="oc-e6"/>
      </symbol>
      <symbol id="sm-c3">
         <name>FPU__enGetNAN</name>
         <value>0xa21</value>
         <object_component_ref idref="oc-e6"/>
      </symbol>
      <symbol id="sm-c4">
         <name>FPU__vSetAutoPreservation</name>
         <value>0x8fd</value>
         <object_component_ref idref="oc-e6"/>
      </symbol>
      <symbol id="sm-c5">
         <name>FPU__enGetAutoPreservation</name>
         <value>0x8cf</value>
         <object_component_ref idref="oc-e6"/>
      </symbol>
      <symbol id="sm-c6">
         <name>FPU__enGetRounding</name>
         <value>0xa83</value>
         <object_component_ref idref="oc-e6"/>
      </symbol>
      <symbol id="sm-c7">
         <name>FPU__vSetLazyPreservation</name>
         <value>0x98b</value>
         <object_component_ref idref="oc-e6"/>
      </symbol>
      <symbol id="sm-c8">
         <name>FPU__vSetHalfPrecision</name>
         <value>0x9ed</value>
         <object_component_ref idref="oc-e6"/>
      </symbol>
      <symbol id="sm-c9">
         <name>FPU__vSetRounding</name>
         <value>0xab1</value>
         <object_component_ref idref="oc-e6"/>
      </symbol>
      <symbol id="sm-ca">
         <name>FPU__enGetAccessType</name>
         <value>0x83d</value>
         <object_component_ref idref="oc-e6"/>
      </symbol>
      <symbol id="sm-cb">
         <name>FPU__enGetHalfPrecision</name>
         <value>0x9bf</value>
         <object_component_ref idref="oc-e6"/>
      </symbol>
      <symbol id="sm-cc">
         <name>FPU__enGetLazyPreservation</name>
         <value>0x95d</value>
         <object_component_ref idref="oc-e6"/>
      </symbol>
      <symbol id="sm-cd">
         <name>FPU__vSetAccessType</name>
         <value>0x889</value>
         <object_component_ref idref="oc-e6"/>
      </symbol>
      <symbol id="sm-e2">
         <name>MPU__vInit</name>
         <value>0xbf9</value>
         <object_component_ref idref="oc-f3"/>
      </symbol>
      <symbol id="sm-1c4">
         <name>SCB_pu32Context</name>
         <value>0x20000400</value>
      </symbol>
      <symbol id="sm-1c5">
         <name>SCB__vEnableTraps</name>
         <value>0xff9</value>
         <object_component_ref idref="oc-153"/>
      </symbol>
      <symbol id="sm-1c6">
         <name>SCB_MemoryFault__vEnable</name>
         <value>0xf99</value>
         <object_component_ref idref="oc-1d6"/>
      </symbol>
      <symbol id="sm-1c7">
         <name>SCB__enGetSLEEPONEXIT</name>
         <value>0x3bd</value>
         <object_component_ref idref="oc-72"/>
      </symbol>
      <symbol id="sm-1c8">
         <name>SCB_UsageFault__vEnable</name>
         <value>0xfa9</value>
         <object_component_ref idref="oc-1c8"/>
      </symbol>
      <symbol id="sm-1c9">
         <name>SCB_SVCall__enGetPending</name>
         <value>0x5c5</value>
         <object_component_ref idref="oc-72"/>
      </symbol>
      <symbol id="sm-1ca">
         <name>SCB__enGetSleepMode</name>
         <value>0x347</value>
         <object_component_ref idref="oc-72"/>
      </symbol>
      <symbol id="sm-1cb">
         <name>SCB_SysTick__enGetPending</name>
         <value>0x113</value>
         <object_component_ref idref="oc-72"/>
      </symbol>
      <symbol id="sm-1cc">
         <name>SCB_BusFault__enGetPending</name>
         <value>0x5f3</value>
         <object_component_ref idref="oc-72"/>
      </symbol>
      <symbol id="sm-1cd">
         <name>SCB__vEnUnprivilegedSWTRIGGER</name>
         <value>0xfd9</value>
         <object_component_ref idref="oc-1c1"/>
      </symbol>
      <symbol id="sm-1ce">
         <name>SCB_PENDSV__enGetPriority</name>
         <value>0x563</value>
         <object_component_ref idref="oc-72"/>
      </symbol>
      <symbol id="sm-1cf">
         <name>HardFaultISR</name>
         <value>0x801</value>
         <object_component_ref idref="oc-72"/>
      </symbol>
      <symbol id="sm-1d0">
         <name>SCB_ISR__enGetVectorActive</name>
         <value>0x19d</value>
         <object_component_ref idref="oc-72"/>
      </symbol>
      <symbol id="sm-1d1">
         <name>SCB_SysTick__enGetPriority</name>
         <value>0x535</value>
         <object_component_ref idref="oc-72"/>
      </symbol>
      <symbol id="sm-1d2">
         <name>SCB__vEnDIV0Trap</name>
         <value>0xfb9</value>
         <object_component_ref idref="oc-1b3"/>
      </symbol>
      <symbol id="sm-1d3">
         <name>NMIISR</name>
         <value>0x67d</value>
         <object_component_ref idref="oc-72"/>
      </symbol>
      <symbol id="sm-1d4">
         <name>SCB_UsageFault__enGetPending</name>
         <value>0x64f</value>
         <object_component_ref idref="oc-72"/>
      </symbol>
      <symbol id="sm-1d5">
         <name>SCB_UsageFault__enGetPriority</name>
         <value>0x467</value>
         <object_component_ref idref="oc-72"/>
      </symbol>
      <symbol id="sm-1d6">
         <name>SCB_MemoryFault__enGetPriority</name>
         <value>0x4c3</value>
         <object_component_ref idref="oc-72"/>
      </symbol>
      <symbol id="sm-1d7">
         <name>PendSVISR</name>
         <value>0x67f</value>
         <object_component_ref idref="oc-72"/>
      </symbol>
      <symbol id="sm-1d8">
         <name>SCB_ISR__enGetVectorPending</name>
         <value>0x16f</value>
         <object_component_ref idref="oc-72"/>
      </symbol>
      <symbol id="sm-1d9">
         <name>UsageFaultISR</name>
         <value>0x685</value>
         <object_component_ref idref="oc-72"/>
      </symbol>
      <symbol id="sm-1da">
         <name>SCB_ISR__enGetPendingState</name>
         <value>0x141</value>
         <object_component_ref idref="oc-72"/>
      </symbol>
      <symbol id="sm-1db">
         <name>SCB__enSetSleepMode</name>
         <value>0x2ff</value>
         <object_component_ref idref="oc-72"/>
      </symbol>
      <symbol id="sm-1dc">
         <name>SCB_SVCall__enGetPriority</name>
         <value>0x4f9</value>
         <object_component_ref idref="oc-72"/>
      </symbol>
      <symbol id="sm-1dd">
         <name>SCB_DEBUG__enGetPriority</name>
         <value>0x591</value>
         <object_component_ref idref="oc-72"/>
      </symbol>
      <symbol id="sm-1de">
         <name>SCB_BusFault__enGetPriority</name>
         <value>0x495</value>
         <object_component_ref idref="oc-72"/>
      </symbol>
      <symbol id="sm-1df">
         <name>SCB__enSetPriorityGroup</name>
         <value>0x1c9</value>
         <object_component_ref idref="oc-72"/>
      </symbol>
      <symbol id="sm-1e0">
         <name>SCB__enGetStackAligment</name>
         <value>0x439</value>
         <object_component_ref idref="oc-72"/>
      </symbol>
      <symbol id="sm-1e1">
         <name>SCB__enGetWakeUpSource</name>
         <value>0x2d1</value>
         <object_component_ref idref="oc-72"/>
      </symbol>
      <symbol id="sm-1e2">
         <name>SCB__enGetPriorityGroup</name>
         <value>0x25b</value>
         <object_component_ref idref="oc-72"/>
      </symbol>
      <symbol id="sm-1e3">
         <name>SCB__enSetWakeUpSource</name>
         <value>0x289</value>
         <object_component_ref idref="oc-72"/>
      </symbol>
      <symbol id="sm-1e4">
         <name>SCB__enSetStackAligment</name>
         <value>0x3f1</value>
         <object_component_ref idref="oc-72"/>
      </symbol>
      <symbol id="sm-1e5">
         <name>SCB__enSetSLEEPONEXIT</name>
         <value>0x375</value>
         <object_component_ref idref="oc-72"/>
      </symbol>
      <symbol id="sm-1e6">
         <name>SCB_BusFault__vEnable</name>
         <value>0xf89</value>
         <object_component_ref idref="oc-1cf"/>
      </symbol>
      <symbol id="sm-1e7">
         <name>SVCallISR</name>
         <value>0x82f</value>
         <object_component_ref idref="oc-72"/>
      </symbol>
      <symbol id="sm-1e8">
         <name>SCB__vEnUnAlignTrap</name>
         <value>0xfc9</value>
         <object_component_ref idref="oc-1ba"/>
      </symbol>
      <symbol id="sm-1e9">
         <name>SCB__vInit</name>
         <value>0xf71</value>
         <object_component_ref idref="oc-ec"/>
      </symbol>
      <symbol id="sm-1ea">
         <name>MemoryFaultISR</name>
         <value>0x781</value>
         <object_component_ref idref="oc-72"/>
      </symbol>
      <symbol id="sm-1eb">
         <name>SCB_PENDSV__enGetPending</name>
         <value>0xe5</value>
         <object_component_ref idref="oc-72"/>
      </symbol>
      <symbol id="sm-1ec">
         <name>SCB_MemoryFault__enGetPending</name>
         <value>0x621</value>
         <object_component_ref idref="oc-72"/>
      </symbol>
      <symbol id="sm-1ed">
         <name>SCB__vEnableExceptions</name>
         <value>0xfe9</value>
         <object_component_ref idref="oc-15a"/>
      </symbol>
      <symbol id="sm-1ee">
         <name>BusFaultISR</name>
         <value>0x6f9</value>
         <object_component_ref idref="oc-72"/>
      </symbol>
      <symbol id="sm-207">
         <name>__TI_zero_init_nomemset</name>
         <value>0xf39</value>
         <object_component_ref idref="oc-48"/>
      </symbol>
      <symbol id="sm-21e">
         <name>__TI_decompress_none</name>
         <value>0x1009</value>
         <object_component_ref idref="oc-1e"/>
      </symbol>
      <symbol id="sm-241">
         <name>__TI_decompress_lzss</name>
         <value>0xdcd</value>
         <object_component_ref idref="oc-18"/>
      </symbol>
      <symbol id="sm-2a5">
         <name>_sys_memory</name>
         <value>0x2000f000</value>
         <object_component_ref idref="oc-2b"/>
      </symbol>
      <symbol id="sm-2a6">
         <name>memalign</name>
         <value>0xb09</value>
         <object_component_ref idref="oc-f9"/>
      </symbol>
      <symbol id="sm-2a7">
         <name>aligned_alloc</name>
         <value>0xb09</value>
         <object_component_ref idref="oc-f9"/>
      </symbol>
      <symbol id="sm-2ba">
         <name>__stack</name>
         <value>0x2000fe00</value>
         <object_component_ref idref="oc-2e"/>
      </symbol>
      <symbol id="sm-2bb">
         <name>_c_int00_noargs</name>
         <value>0xedd</value>
         <object_component_ref idref="oc-5a"/>
      </symbol>
      <symbol id="sm-2d6">
         <name>memcpy</name>
         <value>0xcb5</value>
         <object_component_ref idref="oc-3c"/>
      </symbol>
      <symbol id="sm-2d7">
         <name>__aeabi_memcpy</name>
         <value>0xcb5</value>
         <object_component_ref idref="oc-3c"/>
      </symbol>
      <symbol id="sm-2d8">
         <name>__aeabi_memcpy8</name>
         <value>0xcb5</value>
         <object_component_ref idref="oc-3c"/>
      </symbol>
      <symbol id="sm-2d9">
         <name>__aeabi_memcpy4</name>
         <value>0xcb5</value>
         <object_component_ref idref="oc-3c"/>
      </symbol>
      <symbol id="sm-302">
         <name>__TI_auto_init_nobinit_nopinit</name>
         <value>0xe99</value>
         <object_component_ref idref="oc-114"/>
      </symbol>
      <symbol id="sm-30c">
         <name>_system_pre_init</name>
         <value>0x1023</value>
         <object_component_ref idref="oc-9c"/>
      </symbol>
      <symbol id="sm-318">
         <name>C$$EXIT</name>
         <value>0x1027</value>
         <object_component_ref idref="oc-108"/>
      </symbol>
      <symbol id="sm-319">
         <name>abort</name>
         <value>0x1027</value>
         <object_component_ref idref="oc-108"/>
      </symbol>
      <symbol id="sm-32e">
         <name>_nop</name>
         <value>0x102b</value>
         <object_component_ref idref="oc-1e0"/>
      </symbol>
      <symbol id="sm-32f">
         <name>_lock</name>
         <value>0x20000420</value>
         <object_component_ref idref="oc-174"/>
      </symbol>
      <symbol id="sm-330">
         <name>_unlock</name>
         <value>0x20000424</value>
         <object_component_ref idref="oc-174"/>
      </symbol>
      <symbol id="sm-332">
         <name>__TI_static_base__</name>
         <value>0x0</value>
      </symbol>
      <symbol id="sm-335">
         <name>__mpu_init</name>
         <value>0x0</value>
      </symbol>
      <symbol id="sm-336">
         <name>_system_post_cinit</name>
         <value>0x0</value>
      </symbol>
      <symbol id="sm-337">
         <name>PSS_IRQHandler</name>
         <value>0x101d</value>
      </symbol>
      <symbol id="sm-338">
         <name>CS_IRQHandler</name>
         <value>0x101d</value>
      </symbol>
      <symbol id="sm-339">
         <name>PCM_IRQHandler</name>
         <value>0x101d</value>
      </symbol>
      <symbol id="sm-33a">
         <name>FPU_IRQHandler</name>
         <value>0x101d</value>
      </symbol>
      <symbol id="sm-33b">
         <name>FLCTL_IRQHandler</name>
         <value>0x101d</value>
      </symbol>
      <symbol id="sm-33c">
         <name>COMP_E0_IRQHandler</name>
         <value>0x101d</value>
      </symbol>
      <symbol id="sm-33d">
         <name>COMP_E1_IRQHandler</name>
         <value>0x101d</value>
      </symbol>
      <symbol id="sm-33e">
         <name>TA0_0_IRQHandler</name>
         <value>0x101d</value>
      </symbol>
      <symbol id="sm-33f">
         <name>TA0_N_IRQHandler</name>
         <value>0x101d</value>
      </symbol>
      <symbol id="sm-340">
         <name>TA1_0_IRQHandler</name>
         <value>0x101d</value>
      </symbol>
      <symbol id="sm-341">
         <name>TA1_N_IRQHandler</name>
         <value>0x101d</value>
      </symbol>
      <symbol id="sm-342">
         <name>TA2_0_IRQHandler</name>
         <value>0x101d</value>
      </symbol>
      <symbol id="sm-343">
         <name>TA2_N_IRQHandler</name>
         <value>0x101d</value>
      </symbol>
      <symbol id="sm-344">
         <name>TA3_0_IRQHandler</name>
         <value>0x101d</value>
      </symbol>
      <symbol id="sm-345">
         <name>TA3_N_IRQHandler</name>
         <value>0x101d</value>
      </symbol>
      <symbol id="sm-346">
         <name>EUSCIA0_IRQHandler</name>
         <value>0x101d</value>
      </symbol>
      <symbol id="sm-347">
         <name>EUSCIA1_IRQHandler</name>
         <value>0x101d</value>
      </symbol>
      <symbol id="sm-348">
         <name>EUSCIA2_IRQHandler</name>
         <value>0x101d</value>
      </symbol>
      <symbol id="sm-349">
         <name>EUSCIA3_IRQHandler</name>
         <value>0x101d</value>
      </symbol>
      <symbol id="sm-34a">
         <name>EUSCIB0_IRQHandler</name>
         <value>0x101d</value>
      </symbol>
      <symbol id="sm-34b">
         <name>EUSCIB1_IRQHandler</name>
         <value>0x101d</value>
      </symbol>
      <symbol id="sm-34c">
         <name>EUSCIB2_IRQHandler</name>
         <value>0x101d</value>
      </symbol>
      <symbol id="sm-34d">
         <name>EUSCIB3_IRQHandler</name>
         <value>0x101d</value>
      </symbol>
      <symbol id="sm-34e">
         <name>ADC14_IRQHandler</name>
         <value>0x101d</value>
      </symbol>
      <symbol id="sm-34f">
         <name>T32_INT1_IRQHandler</name>
         <value>0x101d</value>
      </symbol>
      <symbol id="sm-350">
         <name>T32_INT2_IRQHandler</name>
         <value>0x101d</value>
      </symbol>
      <symbol id="sm-351">
         <name>T32_INTC_IRQHandler</name>
         <value>0x101d</value>
      </symbol>
      <symbol id="sm-352">
         <name>AES256_IRQHandler</name>
         <value>0x101d</value>
      </symbol>
      <symbol id="sm-353">
         <name>RTC_C_IRQHandler</name>
         <value>0x101d</value>
      </symbol>
      <symbol id="sm-354">
         <name>DMA_ERR_IRQHandler</name>
         <value>0x101d</value>
      </symbol>
      <symbol id="sm-355">
         <name>DMA_INT3_IRQHandler</name>
         <value>0x101d</value>
      </symbol>
      <symbol id="sm-356">
         <name>DMA_INT2_IRQHandler</name>
         <value>0x101d</value>
      </symbol>
      <symbol id="sm-357">
         <name>DMA_INT1_IRQHandler</name>
         <value>0x101d</value>
      </symbol>
      <symbol id="sm-358">
         <name>DMA_INT0_IRQHandler</name>
         <value>0x101d</value>
      </symbol>
      <symbol id="sm-359">
         <name>PORT1_IRQHandler</name>
         <value>0x101d</value>
      </symbol>
      <symbol id="sm-35a">
         <name>PORT2_IRQHandler</name>
         <value>0x101d</value>
      </symbol>
      <symbol id="sm-35b">
         <name>PORT3_IRQHandler</name>
         <value>0x101d</value>
      </symbol>
      <symbol id="sm-35c">
         <name>PORT4_IRQHandler</name>
         <value>0x101d</value>
      </symbol>
      <symbol id="sm-35d">
         <name>PORT5_IRQHandler</name>
         <value>0x101d</value>
      </symbol>
      <symbol id="sm-35e">
         <name>PORT6_IRQHandler</name>
         <value>0x101d</value>
      </symbol>
   </symbol_table>
   <title>Link successful</title>
</link_info>
